---
# Source: minio/charts/minio/templates/serviceaccount.yaml
apiVersion: v1
kind: ServiceAccount
metadata:
  name: "minio-sa"
  namespace: "default"
---
# Source: minio/charts/minio/templates/configmap.yaml
apiVersion: v1
kind: ConfigMap
metadata:
  name: release-name-minio
  namespace: "default"
  labels:
    app: minio
    chart: minio-3.6.6
    release: release-name
    heritage: Helm
data:
  initialize: |-
    #!/bin/sh
    set -e ; # Have script exit in the event of a failed command.
    MC_CONFIG_DIR="/etc/minio/mc/"
    MC="/usr/bin/mc --insecure --config-dir ${MC_CONFIG_DIR}"
    
    # connectToMinio
    # Use a check-sleep-check loop to wait for MinIO service to be available
    connectToMinio() {
      SCHEME=$1
      ATTEMPTS=0 ; LIMIT=29 ; # Allow 30 attempts
      set -e ; # fail if we can't read the keys.
      ACCESS=$(cat /config/rootUser) ; SECRET=$(cat /config/rootPassword) ;
      set +e ; # The connections to minio are allowed to fail.
      echo "Connecting to MinIO server: $SCHEME://$MINIO_ENDPOINT:$MINIO_PORT" ;
      MC_COMMAND="${MC} alias set myminio $SCHEME://$MINIO_ENDPOINT:$MINIO_PORT $ACCESS $SECRET" ;
      $MC_COMMAND ;
      STATUS=$? ;
      until [ $STATUS = 0 ]
      do
        ATTEMPTS=`expr $ATTEMPTS + 1` ;
        echo \"Failed attempts: $ATTEMPTS\" ;
        if [ $ATTEMPTS -gt $LIMIT ]; then
          exit 1 ;
        fi ;
        sleep 2 ; # 1 second intervals between attempts
        $MC_COMMAND ;
        STATUS=$? ;
      done ;
      set -e ; # reset `e` as active
      return 0
    }
    
    # checkBucketExists ($bucket)
    # Check if the bucket exists, by using the exit code of `mc ls`
    checkBucketExists() {
      BUCKET=$1
      CMD=$(${MC} ls myminio/$BUCKET > /dev/null 2>&1)
      return $?
    }
    
    # createBucket ($bucket, $policy, $purge)
    # Ensure bucket exists, purging if asked to
    createBucket() {
      BUCKET=$1
      POLICY=$2
      PURGE=$3
      VERSIONING=$4
    
      # Purge the bucket, if set & exists
      # Since PURGE is user input, check explicitly for `true`
      if [ $PURGE = true ]; then
        if checkBucketExists $BUCKET ; then
          echo "Purging bucket '$BUCKET'."
          set +e ; # don't exit if this fails
          ${MC} rm -r --force myminio/$BUCKET
          set -e ; # reset `e` as active
        else
          echo "Bucket '$BUCKET' does not exist, skipping purge."
        fi
      fi
    
      # Create the bucket if it does not exist
      if ! checkBucketExists $BUCKET ; then
        echo "Creating bucket '$BUCKET'"
        ${MC} mb myminio/$BUCKET
      else
        echo "Bucket '$BUCKET' already exists."
      fi
    
    
      # set versioning for bucket
      if [ ! -z $VERSIONING ] ; then
        if [ $VERSIONING = true ] ; then
            echo "Enabling versioning for '$BUCKET'"
            ${MC} version enable myminio/$BUCKET
        elif [ $VERSIONING = false ] ; then
            echo "Suspending versioning for '$BUCKET'"
            ${MC} version suspend myminio/$BUCKET
        fi
      else
          echo "Bucket '$BUCKET' versioning unchanged."
      fi
    
      # At this point, the bucket should exist, skip checking for existence
      # Set policy on the bucket
      echo "Setting policy of bucket '$BUCKET' to '$POLICY'."
      ${MC} policy set $POLICY myminio/$BUCKET
    }
    
    # Try connecting to MinIO instance
    scheme=http
    connectToMinio $scheme
    
    
    
  add-user: |-
    #!/bin/sh
    set -e ; # Have script exit in the event of a failed command.
    MC_CONFIG_DIR="/etc/minio/mc/"
    MC="/usr/bin/mc --insecure --config-dir ${MC_CONFIG_DIR}"
    
    # connectToMinio
    # Use a check-sleep-check loop to wait for MinIO service to be available
    connectToMinio() {
      SCHEME=$1
      ATTEMPTS=0 ; LIMIT=29 ; # Allow 30 attempts
      set -e ; # fail if we can't read the keys.
      ACCESS=$(cat /config/rootUser) ; SECRET=$(cat /config/rootPassword) ;
      set +e ; # The connections to minio are allowed to fail.
      echo "Connecting to MinIO server: $SCHEME://$MINIO_ENDPOINT:$MINIO_PORT" ;
      MC_COMMAND="${MC} alias set myminio $SCHEME://$MINIO_ENDPOINT:$MINIO_PORT $ACCESS $SECRET" ;
      $MC_COMMAND ;
      STATUS=$? ;
      until [ $STATUS = 0 ]
      do
        ATTEMPTS=`expr $ATTEMPTS + 1` ;
        echo \"Failed attempts: $ATTEMPTS\" ;
        if [ $ATTEMPTS -gt $LIMIT ]; then
          exit 1 ;
        fi ;
        sleep 2 ; # 1 second intervals between attempts
        $MC_COMMAND ;
        STATUS=$? ;
      done ;
      set -e ; # reset `e` as active
      return 0
    }
    
    # checkUserExists ($username)
    # Check if the user exists, by using the exit code of `mc admin user info`
    checkUserExists() {
      USER=$1
      CMD=$(${MC} admin user info myminio $USER > /dev/null 2>&1)
      return $?
    }
    
    # createUser ($username, $password, $policy)
    createUser() {
      USER=$1
      PASS=$2
      POLICY=$3
    
      # Create the user if it does not exist
      if ! checkUserExists $USER ; then
        echo "Creating user '$USER'"
        ${MC} admin user add myminio $USER $PASS
      else
        echo "User '$USER' already exists."
      fi
    
    
      # set policy for user
      if [ ! -z $POLICY -a $POLICY != " " ] ; then
          echo "Adding policy '$POLICY' for '$USER'"
          ${MC} admin policy set myminio $POLICY user=$USER
      else
          echo "User '$USER' has no policy attached."
      fi
    }
    
    # Try connecting to MinIO instance
    scheme=http
    connectToMinio $scheme
    
    
    
    # Create the users
    createUser console console123 consoleAdmin
    
  add-policy: |-
    #!/bin/sh
    set -e ; # Have script exit in the event of a failed command.
    MC_CONFIG_DIR="/etc/minio/mc/"
    MC="/usr/bin/mc --insecure --config-dir ${MC_CONFIG_DIR}"
    
    # connectToMinio
    # Use a check-sleep-check loop to wait for MinIO service to be available
    connectToMinio() {
      SCHEME=$1
      ATTEMPTS=0 ; LIMIT=29 ; # Allow 30 attempts
      set -e ; # fail if we can't read the keys.
      ACCESS=$(cat /config/rootUser) ; SECRET=$(cat /config/rootPassword) ;
      set +e ; # The connections to minio are allowed to fail.
      echo "Connecting to MinIO server: $SCHEME://$MINIO_ENDPOINT:$MINIO_PORT" ;
      MC_COMMAND="${MC} alias set myminio $SCHEME://$MINIO_ENDPOINT:$MINIO_PORT $ACCESS $SECRET" ;
      $MC_COMMAND ;
      STATUS=$? ;
      until [ $STATUS = 0 ]
      do
        ATTEMPTS=`expr $ATTEMPTS + 1` ;
        echo \"Failed attempts: $ATTEMPTS\" ;
        if [ $ATTEMPTS -gt $LIMIT ]; then
          exit 1 ;
        fi ;
        sleep 2 ; # 1 second intervals between attempts
        $MC_COMMAND ;
        STATUS=$? ;
      done ;
      set -e ; # reset `e` as active
      return 0
    }
    
    # checkPolicyExists ($policy)
    # Check if the policy exists, by using the exit code of `mc admin policy info`
    checkPolicyExists() {
      POLICY=$1
      CMD=$(${MC} admin policy info myminio $POLICY > /dev/null 2>&1)
      return $?
    }
    
    # createPolicy($name, $filename)
    createPolicy () {
      NAME=$1
      FILENAME=$2
    
      # Create the name if it does not exist
      echo "Checking policy: $NAME (in /config/$FILENAME.json)"
      if ! checkPolicyExists $NAME ; then
        echo "Creating policy '$NAME'"
      else
        echo "Policy '$NAME' already exists."
      fi
      ${MC} admin policy add myminio $NAME /config/$FILENAME.json
    
    }
    
    # Try connecting to MinIO instance
    scheme=http
    connectToMinio $scheme
    
    
  custom-command: |-
    #!/bin/sh
    set -e ; # Have script exit in the event of a failed command.
    MC_CONFIG_DIR="/etc/minio/mc/"
    MC="/usr/bin/mc --insecure --config-dir ${MC_CONFIG_DIR}"
    
    # connectToMinio
    # Use a check-sleep-check loop to wait for MinIO service to be available
    connectToMinio() {
      SCHEME=$1
      ATTEMPTS=0 ; LIMIT=29 ; # Allow 30 attempts
      set -e ; # fail if we can't read the keys.
      ACCESS=$(cat /config/rootUser) ; SECRET=$(cat /config/rootPassword) ;
      set +e ; # The connections to minio are allowed to fail.
      echo "Connecting to MinIO server: $SCHEME://$MINIO_ENDPOINT:$MINIO_PORT" ;
      MC_COMMAND="${MC} alias set myminio $SCHEME://$MINIO_ENDPOINT:$MINIO_PORT $ACCESS $SECRET" ;
      $MC_COMMAND ;
      STATUS=$? ;
      until [ $STATUS = 0 ]
      do
        ATTEMPTS=`expr $ATTEMPTS + 1` ;
        echo \"Failed attempts: $ATTEMPTS\" ;
        if [ $ATTEMPTS -gt $LIMIT ]; then
          exit 1 ;
        fi ;
        sleep 2 ; # 1 second intervals between attempts
        $MC_COMMAND ;
        STATUS=$? ;
      done ;
      set -e ; # reset `e` as active
      return 0
    }
    
    # runCommand ($@)
    # Run custom mc command
    runCommand() {
      ${MC} "$@"
      return $?
    }
    
    # Try connecting to MinIO instance
    scheme=http
    connectToMinio $scheme
---
# Source: minio/charts/minio/templates/pvc.yaml
apiVersion: v1
kind: PersistentVolumeClaim
metadata:
  name: release-name-minio
  namespace: "default"
  labels:
    app: minio
    chart: minio-3.6.6
    release: release-name
    heritage: Helm
spec:
  accessModes:
    - "ReadWriteOnce"
  resources:
    requests:
      storage: "500Gi"
---
# Source: minio/charts/minio/templates/console-service.yaml
apiVersion: v1
kind: Service
metadata:
  name: release-name-minio-console
  namespace: "default"
  labels:
    app: minio
    chart: minio-3.6.6
    release: release-name
    heritage: Helm
spec:
  type: ClusterIP
  ports:
    - name: http
      port: 9001
      protocol: TCP
      targetPort: 9001
  selector:
    app: minio
    release: release-name
---
# Source: minio/charts/minio/templates/service.yaml
apiVersion: v1
kind: Service
metadata:
  name: release-name-minio
  namespace: "default"
  labels:
    app: minio
    chart: minio-3.6.6
    release: release-name
    heritage: Helm
    monitoring: "true"
spec:
  type: ClusterIP
  ports:
    - name: http
      port: 9000
      protocol: TCP
      targetPort: 9000
  selector:
    app: minio
    release: release-name
---
# Source: minio/charts/minio/templates/deployment.yaml
apiVersion: apps/v1
kind: Deployment
metadata:
  name: release-name-minio
  namespace: "default"
  labels:
    app: minio
    chart: minio-3.6.6
    release: release-name
    heritage: Helm
spec:
  strategy:
    type: RollingUpdate
    rollingUpdate:
      maxSurge: 100%
      maxUnavailable: 0
  replicas: 1
  selector:
    matchLabels:
      app: minio
      release: release-name
  template:
    metadata:
      name: release-name-minio
      labels:
        app: minio
        release: release-name
      annotations:
        checksum/secrets: 01ba4719c80b6fe911b091a7c05124b64eeece964e09c058ef8f9805daca546b
        checksum/config: dd64a9e510171f07546c6324e554dc1733bce5625dc8c3dcffe2a28ba36ddece
    spec:
      securityContext:
        runAsUser: 1000
        runAsGroup: 1000
        fsGroup: 1000
        fsGroupChangePolicy: OnRootMismatch

      serviceAccountName: minio-sa
      containers:
        - name: minio
          image: "quay.io/minio/minio:RELEASE.2022-04-16T04-26-02Z"
          imagePullPolicy: IfNotPresent
          command:
            - "/bin/sh"
            - "-ce"
            - "/usr/bin/docker-entrypoint.sh minio server /export -S /etc/minio/certs/ --address :9000 --console-address :9001"
          volumeMounts:
            - name: minio-user
              mountPath: "/tmp/credentials"
              readOnly: true
            - name: export
              mountPath: /export            
          ports:
            - name: http
              containerPort: 9000
            - name: http-console
              containerPort: 9001
          env:
            - name: MINIO_ROOT_USER
              valueFrom:
                secretKeyRef:
                  name: minio
                  key: rootUser
            - name: MINIO_ROOT_PASSWORD
              valueFrom:
                secretKeyRef:
                  name: minio
                  key: rootPassword
            - name: MINIO_PROMETHEUS_AUTH_TYPE
              value: "public"
          resources:
            requests:
              memory: 4Gi      
      volumes:
        - name: export
          persistentVolumeClaim:
            claimName: release-name-minio
        - name: minio-user
          secret:
            secretName: minio
---
# Source: minio/charts/minio/templates/post-install-create-user-job.yaml
apiVersion: batch/v1
kind: Job
metadata:
  name: release-name-minio-make-user-job
  namespace: "default"
  labels:
    app: minio-make-user-job
    chart: minio-3.6.6
    release: release-name
    heritage: Helm
  annotations:
    "helm.sh/hook": post-install,post-upgrade
    "helm.sh/hook-delete-policy": hook-succeeded,before-hook-creation
spec:
  template:
    metadata:
      labels:
        app: minio-job
        release: release-name
    spec:
      restartPolicy: OnFailure      
      volumes:
        - name: minio-configuration
          projected:
            sources:
            - configMap:
                name: release-name-minio
            - secret:
                name: minio
      containers:
      - name: minio-mc
        image: "quay.io/minio/mc:RELEASE.2022-04-16T21-11-21Z"
        imagePullPolicy: IfNotPresent
        command: ["/bin/sh", "/config/add-user"]
        env:
          - name: MINIO_ENDPOINT
            value: release-name-minio
          - name: MINIO_PORT
            value: "9000"
        volumeMounts:
          - name: minio-configuration
            mountPath: /config
        resources:
          requests:
            memory: 128Mi
