---
# Source: minio-lifecycle-mgr/templates/lifecycle-mgr-configmap.yaml
# Copyright 2021 The Kubermatic Kubernetes Platform contributors.
#
# Licensed under the Apache License, Version 2.0 (the "License");
# you may not use this file except in compliance with the License.
# You may obtain a copy of the License at
#
#     http://www.apache.org/licenses/LICENSE-2.0
#
# Unless required by applicable law or agreed to in writing, software
# distributed under the License is distributed on an "AS IS" BASIS,
# WITHOUT WARRANTIES OR CONDITIONS OF ANY KIND, either express or implied.
# See the License for the specific language governing permissions and
# limitations under the License.

apiVersion: v1
kind: ConfigMap
metadata:
  name:  minio-lifecycle-mgr-scripts
data:
  ensure-lifecycle.sh: |
    mc alias set minio http://minio:9000 $rootUser $rootPassword
---
# Source: minio-lifecycle-mgr/templates/lifecycle-mgr-cronjob.yaml
# Copyright 2021 The Kubermatic Kubernetes Platform contributors.
#
# Licensed under the Apache License, Version 2.0 (the "License");
# you may not use this file except in compliance with the License.
# You may obtain a copy of the License at
#
#     http://www.apache.org/licenses/LICENSE-2.0
#
# Unless required by applicable law or agreed to in writing, software
# distributed under the License is distributed on an "AS IS" BASIS,
# WITHOUT WARRANTIES OR CONDITIONS OF ANY KIND, either express or implied.
# See the License for the specific language governing permissions and
# limitations under the License.

apiVersion: batch/v1beta1
kind: CronJob
metadata:
  name: minio-lifecycle-mgr
spec:
  schedule: "0 1 * * *"
  successfulJobsHistoryLimit: 1
  jobTemplate:
    spec:
      template:
        spec:
          restartPolicy: OnFailure
          containers:
            - name: minio
              image: minio/mc
              imagePullPolicy: IfNotPresent
              command:
                - /bin/sh
                - -ec
                - /scripts/ensure-lifecycle.sh
              envFrom:
                - secretRef:
                    name: minio
              volumeMounts:
                - mountPath: /scripts
                  name: scripts
          volumes:
            - name: scripts
              configMap:
                name: minio-lifecycle-mgr-scripts
                defaultMode: 0777
          nodeSelector:
            key1: value1
          affinity:
            podAntiAffinity:
              requiredDuringSchedulingIgnoredDuringExecution:
              - labelSelector:
                  matchExpressions:
                  - key: app
                    operator: In
                    values:
                    - store
                topologyKey: kubernetes.io/hostname
          tolerations:
            - effect: NoSchedule
              key: key1
              operator: Equal
              value: value1
