---
# Source: grafana/charts/grafana/templates/podsecuritypolicy.yaml
apiVersion: policy/v1beta1
kind: PodSecurityPolicy
metadata:
  name: release-name-grafana
  labels:
    helm.sh/chart: grafana-6.17.5
    app.kubernetes.io/name: grafana
    app.kubernetes.io/instance: release-name
    app.kubernetes.io/version: "8.2.3"
    app.kubernetes.io/managed-by: Helm
  annotations:
    seccomp.security.alpha.kubernetes.io/allowedProfileNames: 'docker/default,runtime/default'
    seccomp.security.alpha.kubernetes.io/defaultProfileName:  'docker/default'
    apparmor.security.beta.kubernetes.io/allowedProfileNames: 'runtime/default'
    apparmor.security.beta.kubernetes.io/defaultProfileName:  'runtime/default'
spec:
  privileged: false
  allowPrivilegeEscalation: false
  requiredDropCapabilities:
    # Default set from Docker, with DAC_OVERRIDE and CHOWN
      - ALL
  volumes:
    - 'configMap'
    - 'emptyDir'
    - 'projected'
    - 'csi'
    - 'secret'
    - 'downwardAPI'
    - 'persistentVolumeClaim'
  hostNetwork: false
  hostIPC: false
  hostPID: false
  runAsUser:
    rule: 'RunAsAny'
  seLinux:
    rule: 'RunAsAny'
  supplementalGroups:
    rule: 'MustRunAs'
    ranges:
      # Forbid adding the root group.
      - min: 1
        max: 65535
  fsGroup:
    rule: 'MustRunAs'
    ranges:
      # Forbid adding the root group.
      - min: 1
        max: 65535
  readOnlyRootFilesystem: false
---
# Source: grafana/charts/grafana/templates/tests/test-podsecuritypolicy.yaml
apiVersion: policy/v1beta1
kind: PodSecurityPolicy
metadata:
  name: release-name-grafana-test
  labels:
    helm.sh/chart: grafana-6.17.5
    app.kubernetes.io/name: grafana
    app.kubernetes.io/instance: release-name
    app.kubernetes.io/version: "8.2.3"
    app.kubernetes.io/managed-by: Helm
spec:
  allowPrivilegeEscalation: true
  privileged: false
  hostNetwork: false
  hostIPC: false
  hostPID: false
  fsGroup:
    rule: RunAsAny
  seLinux:
    rule: RunAsAny
  supplementalGroups:
    rule: RunAsAny
  runAsUser:
    rule: RunAsAny
  volumes:
  - configMap
  - downwardAPI
  - emptyDir
  - projected
  - csi
  - secret
---
# Source: grafana/charts/grafana/templates/serviceaccount.yaml
apiVersion: v1
kind: ServiceAccount
metadata:
  labels:
    helm.sh/chart: grafana-6.17.5
    app.kubernetes.io/name: grafana
    app.kubernetes.io/instance: release-name
    app.kubernetes.io/version: "8.2.3"
    app.kubernetes.io/managed-by: Helm
  name: release-name-grafana
  namespace: default
---
# Source: grafana/charts/grafana/templates/tests/test-serviceaccount.yaml
apiVersion: v1
kind: ServiceAccount
metadata:
  labels:
    helm.sh/chart: grafana-6.17.5
    app.kubernetes.io/name: grafana
    app.kubernetes.io/instance: release-name
    app.kubernetes.io/version: "8.2.3"
    app.kubernetes.io/managed-by: Helm
  name: release-name-grafana-test
  namespace: default
---
# Source: grafana/charts/grafana/templates/configmap.yaml
apiVersion: v1
kind: ConfigMap
metadata:
  name: release-name-grafana
  namespace: default
  labels:
    helm.sh/chart: grafana-6.17.5
    app.kubernetes.io/name: grafana
    app.kubernetes.io/instance: release-name
    app.kubernetes.io/version: "8.2.3"
    app.kubernetes.io/managed-by: Helm
data:
  grafana.ini: |
    [analytics]
    check_for_updates = true
    [auth.proxy]
    auto_sign_up = true
    enabled = true
    header_name = X-Forwarded-Email
    header_property = username
    [grafana_net]
    url = https://grafana.net
    [log]
    mode = console
    [paths]
    data = /var/lib/grafana/
    logs = /var/log/grafana
    plugins = /var/lib/grafana/plugins
    provisioning = /etc/grafana/provisioning
  dashboardproviders.yaml: |
    apiVersion: 1
    providers:
    - disableDeletion: false
      folder: ""
      name: default
      options:
        path: /var/lib/grafana/dashboards/default
      org_id: 1
      type: file
  download_dashboards.sh: |
    #!/usr/bin/env sh
    set -euf
    mkdir -p /var/lib/grafana/dashboards/default
---
# Source: grafana/charts/grafana/templates/dashboards-json-configmap.yaml
apiVersion: v1
kind: ConfigMap
metadata:
  name: release-name-grafana-dashboards-default
  namespace: default
  labels:
    helm.sh/chart: grafana-6.17.5
    app.kubernetes.io/name: grafana
    app.kubernetes.io/instance: release-name
    app.kubernetes.io/version: "8.2.3"
    app.kubernetes.io/managed-by: Helm
    dashboard-provider: default
    grafana_dashboard: "1"
---
# Source: grafana/charts/grafana/templates/tests/test-configmap.yaml
apiVersion: v1
kind: ConfigMap
metadata:
  name: release-name-grafana-test
  namespace: default
  labels:
    helm.sh/chart: grafana-6.17.5
    app.kubernetes.io/name: grafana
    app.kubernetes.io/instance: release-name
    app.kubernetes.io/version: "8.2.3"
    app.kubernetes.io/managed-by: Helm
data:
  run.sh: |-
    @test "Test Health" {
      url="http://release-name-grafana/api/health"

      code=$(wget --server-response --spider --timeout 10 --tries 1 ${url} 2>&1 | awk '/^  HTTP/{print $2}')
      [ "$code" == "200" ]
    }
---
# Source: grafana/charts/grafana/templates/clusterrole.yaml
kind: ClusterRole
apiVersion: rbac.authorization.k8s.io/v1
metadata:
  labels:
    helm.sh/chart: grafana-6.17.5
    app.kubernetes.io/name: grafana
    app.kubernetes.io/instance: release-name
    app.kubernetes.io/version: "8.2.3"
    app.kubernetes.io/managed-by: Helm
  name: release-name-grafana-clusterrole
rules: []
---
# Source: grafana/charts/grafana/templates/clusterrolebinding.yaml
kind: ClusterRoleBinding
apiVersion: rbac.authorization.k8s.io/v1
metadata:
  name: release-name-grafana-clusterrolebinding
  labels:
    helm.sh/chart: grafana-6.17.5
    app.kubernetes.io/name: grafana
    app.kubernetes.io/instance: release-name
    app.kubernetes.io/version: "8.2.3"
    app.kubernetes.io/managed-by: Helm
subjects:
  - kind: ServiceAccount
    name: release-name-grafana
    namespace: default
roleRef:
  kind: ClusterRole
  name: release-name-grafana-clusterrole
  apiGroup: rbac.authorization.k8s.io
---
# Source: grafana/charts/grafana/templates/role.yaml
apiVersion: rbac.authorization.k8s.io/v1
kind: Role
metadata:
  name: release-name-grafana
  namespace: default
  labels:
    helm.sh/chart: grafana-6.17.5
    app.kubernetes.io/name: grafana
    app.kubernetes.io/instance: release-name
    app.kubernetes.io/version: "8.2.3"
    app.kubernetes.io/managed-by: Helm
rules:
- apiGroups:      ['extensions']
  resources:      ['podsecuritypolicies']
  verbs:          ['use']
  resourceNames:  [release-name-grafana]
---
# Source: grafana/charts/grafana/templates/tests/test-role.yaml
apiVersion: rbac.authorization.k8s.io/v1
kind: Role
metadata:
  name: release-name-grafana-test
  namespace: default
  labels:
    helm.sh/chart: grafana-6.17.5
    app.kubernetes.io/name: grafana
    app.kubernetes.io/instance: release-name
    app.kubernetes.io/version: "8.2.3"
    app.kubernetes.io/managed-by: Helm
rules:
- apiGroups:      ['policy']
  resources:      ['podsecuritypolicies']
  verbs:          ['use']
  resourceNames:  [release-name-grafana-test]
---
# Source: grafana/charts/grafana/templates/rolebinding.yaml
apiVersion: rbac.authorization.k8s.io/v1
kind: RoleBinding
metadata:
  name: release-name-grafana
  namespace: default
  labels:
    helm.sh/chart: grafana-6.17.5
    app.kubernetes.io/name: grafana
    app.kubernetes.io/instance: release-name
    app.kubernetes.io/version: "8.2.3"
    app.kubernetes.io/managed-by: Helm
roleRef:
  apiGroup: rbac.authorization.k8s.io
  kind: Role
  name: release-name-grafana
subjects:
- kind: ServiceAccount
  name: release-name-grafana
  namespace: default
---
# Source: grafana/charts/grafana/templates/tests/test-rolebinding.yaml
apiVersion: rbac.authorization.k8s.io/v1
kind: RoleBinding
metadata:
  name: release-name-grafana-test
  namespace: default
  labels:
    helm.sh/chart: grafana-6.17.5
    app.kubernetes.io/name: grafana
    app.kubernetes.io/instance: release-name
    app.kubernetes.io/version: "8.2.3"
    app.kubernetes.io/managed-by: Helm
roleRef:
  apiGroup: rbac.authorization.k8s.io
  kind: Role
  name: release-name-grafana-test
subjects:
- kind: ServiceAccount
  name: release-name-grafana-test
  namespace: default
---
# Source: grafana/charts/grafana/templates/headless-service.yaml
apiVersion: v1
kind: Service
metadata:
  name: release-name-grafana-headless
  namespace: default
  labels:
    helm.sh/chart: grafana-6.17.5
    app.kubernetes.io/name: grafana
    app.kubernetes.io/instance: release-name
    app.kubernetes.io/version: "8.2.3"
    app.kubernetes.io/managed-by: Helm
spec:
  clusterIP: None
  selector:
    app.kubernetes.io/name: grafana
    app.kubernetes.io/instance: release-name
  type: ClusterIP
---
# Source: grafana/charts/grafana/templates/service.yaml
apiVersion: v1
kind: Service
metadata:
  name: release-name-grafana
  namespace: default
  labels:
    helm.sh/chart: grafana-6.17.5
    app.kubernetes.io/name: grafana
    app.kubernetes.io/instance: release-name
    app.kubernetes.io/version: "8.2.3"
    app.kubernetes.io/managed-by: Helm
spec:
  type: ClusterIP
  ports:
    - name: service
      port: 80
      protocol: TCP
      targetPort: 3000

  selector:
    app.kubernetes.io/name: grafana
    app.kubernetes.io/instance: release-name
---
# Source: grafana/charts/grafana/templates/statefulset.yaml
apiVersion: apps/v1
kind: StatefulSet
metadata:
  name: release-name-grafana
  namespace: default
  labels:
    helm.sh/chart: grafana-6.17.5
    app.kubernetes.io/name: grafana
    app.kubernetes.io/instance: release-name
    app.kubernetes.io/version: "8.2.3"
    app.kubernetes.io/managed-by: Helm
spec:
  replicas: 1
  selector:
    matchLabels:
      app.kubernetes.io/name: grafana
      app.kubernetes.io/instance: release-name
  serviceName: release-name-grafana-headless
  template:
    metadata:
      labels:
        app.kubernetes.io/name: grafana
        app.kubernetes.io/instance: release-name
      annotations:
        checksum/config: 21a781bd57529874170129783fa0387549c12a151ed23f3ab7df710111ee53d0
        checksum/dashboards-json-config: d66cb7978a424323f2d14d2f0e9b83352685ad7bfc76af645a9299f5c85b85dd
        checksum/sc-dashboard-provider-config: 01ba4719c80b6fe911b091a7c05124b64eeece964e09c058ef8f9805daca546b
    spec:
      
      serviceAccountName: release-name-grafana
      automountServiceAccountToken: true
      securityContext:
        fsGroup: 472
        runAsGroup: 472
        runAsUser: 472
      initContainers:
        - name: init-chown-data
          image: "busybox:1.31.1"
          imagePullPolicy: IfNotPresent
          securityContext:
            runAsNonRoot: false
            runAsUser: 0
          command: ["chown", "-R", "472:472", "/var/lib/grafana"]
          resources:
            {}
          volumeMounts:
            - name: storage
              mountPath: "/var/lib/grafana"
        - name: download-dashboards
          image: "curlimages/curl:7.73.0"
          imagePullPolicy: IfNotPresent
          command: ["/bin/sh"]
          args: [ "-c", "mkdir -p /var/lib/grafana/dashboards/default && /bin/sh -x /etc/grafana/download_dashboards.sh" ]
          resources:
            {}
          env:
          volumeMounts:
            - name: config
              mountPath: "/etc/grafana/download_dashboards.sh"
              subPath: download_dashboards.sh
            - name: storage
              mountPath: "/var/lib/grafana"
      enableServiceLinks: true
      containers:
        - name: grafana
          image: "grafana/grafana:8.2.3"
          imagePullPolicy: IfNotPresent
          volumeMounts:
            - name: config
              mountPath: "/etc/grafana/grafana.ini"
              subPath: grafana.ini
            - name: storage
              mountPath: "/var/lib/grafana"
            - name: config
              mountPath: "/etc/grafana/provisioning/dashboards/dashboardproviders.yaml"
              subPath: "dashboardproviders.yaml"
          ports:
            - name: service
              containerPort: 80
              protocol: TCP
            - name: grafana
              containerPort: 3000
              protocol: TCP
          env:
            - name: GF_SECURITY_ADMIN_USER
              valueFrom:
                secretKeyRef:
                  name: grafana
                  key: admin-user
            - name: GF_SECURITY_ADMIN_PASSWORD
              valueFrom:
                secretKeyRef:
                  name: grafana
                  key: admin-password
            
            - name: GF_PATHS_DATA
              value: /var/lib/grafana/
            - name: GF_PATHS_LOGS
              value: /var/log/grafana
            - name: GF_PATHS_PLUGINS
              value: /var/lib/grafana/plugins
            - name: GF_PATHS_PROVISIONING
              value: /etc/grafana/provisioning
          livenessProbe:
            failureThreshold: 10
            httpGet:
              path: /api/health
              port: 3000
            initialDelaySeconds: 60
            timeoutSeconds: 30
          readinessProbe:
            httpGet:
              path: /api/health
              port: 3000
          resources:
            {}
      volumes:
        - name: config
          configMap:
            name: release-name-grafana
        - name: dashboards-default
          configMap:
            name: release-name-grafana-dashboards-default
      # nothing
  volumeClaimTemplates:
  - metadata:
      name: storage
    spec:
      accessModes: [ReadWriteOnce]
      storageClassName: kubermatic-fast
      resources:
        requests:
          storage: 10Gi
---
# Source: grafana/charts/grafana/templates/tests/test.yaml
apiVersion: v1
kind: Pod
metadata:
  name: release-name-grafana-test
  labels:
    helm.sh/chart: grafana-6.17.5
    app.kubernetes.io/name: grafana
    app.kubernetes.io/instance: release-name
    app.kubernetes.io/version: "8.2.3"
    app.kubernetes.io/managed-by: Helm
  annotations:
    "helm.sh/hook": test-success
  namespace: default
spec:
  serviceAccountName: release-name-grafana-test
  containers:
    - name: release-name-test
      image: "bats/bats:v1.4.1"
      imagePullPolicy: "IfNotPresent"
      command: ["/opt/bats/bin/bats", "-t", "/tests/run.sh"]
      volumeMounts:
        - mountPath: /tests
          name: tests
          readOnly: true
  volumes:
  - name: tests
    configMap:
      name: release-name-grafana-test
  restartPolicy: Never
