---
# Source: grafana/charts/grafana/templates/podsecuritypolicy.yaml
apiVersion: policy/v1beta1
kind: PodSecurityPolicy
metadata:
  name: release-name-grafana
  labels:
    helm.sh/chart: grafana-6.17.5
    app.kubernetes.io/name: grafana
    app.kubernetes.io/instance: release-name
    app.kubernetes.io/version: "8.2.3"
    app.kubernetes.io/managed-by: Helm
  annotations:
    seccomp.security.alpha.kubernetes.io/allowedProfileNames: 'docker/default,runtime/default'
    seccomp.security.alpha.kubernetes.io/defaultProfileName:  'docker/default'
    apparmor.security.beta.kubernetes.io/allowedProfileNames: 'runtime/default'
    apparmor.security.beta.kubernetes.io/defaultProfileName:  'runtime/default'
spec:
  privileged: false
  allowPrivilegeEscalation: false
  requiredDropCapabilities:
    # Default set from Docker, with DAC_OVERRIDE and CHOWN
      - ALL
  volumes:
    - 'configMap'
    - 'emptyDir'
    - 'projected'
    - 'csi'
    - 'secret'
    - 'downwardAPI'
    - 'persistentVolumeClaim'
  hostNetwork: false
  hostIPC: false
  hostPID: false
  runAsUser:
    rule: 'RunAsAny'
  seLinux:
    rule: 'RunAsAny'
  supplementalGroups:
    rule: 'MustRunAs'
    ranges:
      # Forbid adding the root group.
      - min: 1
        max: 65535
  fsGroup:
    rule: 'MustRunAs'
    ranges:
      # Forbid adding the root group.
      - min: 1
        max: 65535
  readOnlyRootFilesystem: false
---
# Source: grafana/charts/grafana/templates/tests/test-podsecuritypolicy.yaml
apiVersion: policy/v1beta1
kind: PodSecurityPolicy
metadata:
  name: release-name-grafana-test
  labels:
    helm.sh/chart: grafana-6.17.5
    app.kubernetes.io/name: grafana
    app.kubernetes.io/instance: release-name
    app.kubernetes.io/version: "8.2.3"
    app.kubernetes.io/managed-by: Helm
spec:
  allowPrivilegeEscalation: true
  privileged: false
  hostNetwork: false
  hostIPC: false
  hostPID: false
  fsGroup:
    rule: RunAsAny
  seLinux:
    rule: RunAsAny
  supplementalGroups:
    rule: RunAsAny
  runAsUser:
    rule: RunAsAny
  volumes:
  - configMap
  - downwardAPI
  - emptyDir
  - projected
  - csi
  - secret
---
# Source: grafana/charts/grafana/templates/serviceaccount.yaml
apiVersion: v1
kind: ServiceAccount
metadata:
  labels:
    helm.sh/chart: grafana-6.17.5
    app.kubernetes.io/name: grafana
    app.kubernetes.io/instance: release-name
    app.kubernetes.io/version: "8.2.3"
    app.kubernetes.io/managed-by: Helm
  name: release-name-grafana
  namespace: default
---
# Source: grafana/charts/grafana/templates/tests/test-serviceaccount.yaml
apiVersion: v1
kind: ServiceAccount
metadata:
  labels:
    helm.sh/chart: grafana-6.17.5
    app.kubernetes.io/name: grafana
    app.kubernetes.io/instance: release-name
    app.kubernetes.io/version: "8.2.3"
    app.kubernetes.io/managed-by: Helm
  name: release-name-grafana-test
  namespace: default
---
# Source: grafana/charts/grafana/templates/configmap.yaml
apiVersion: v1
kind: ConfigMap
metadata:
  name: release-name-grafana
  namespace: default
  labels:
    helm.sh/chart: grafana-6.17.5
    app.kubernetes.io/name: grafana
    app.kubernetes.io/instance: release-name
    app.kubernetes.io/version: "8.2.3"
    app.kubernetes.io/managed-by: Helm
data:
  grafana.ini: |
    [analytics]
    check_for_updates = true
    [grafana_net]
    url = https://grafana.net
    [log]
    mode = console
    [paths]
    data = /var/lib/grafana/
    logs = /var/log/grafana
    plugins = /var/lib/grafana/plugins
    provisioning = /etc/grafana/provisioning
---
# Source: grafana/charts/grafana/templates/tests/test-configmap.yaml
apiVersion: v1
kind: ConfigMap
metadata:
  name: release-name-grafana-test
  namespace: default
  labels:
    helm.sh/chart: grafana-6.17.5
    app.kubernetes.io/name: grafana
    app.kubernetes.io/instance: release-name
    app.kubernetes.io/version: "8.2.3"
    app.kubernetes.io/managed-by: Helm
data:
  run.sh: |-
    @test "Test Health" {
      url="http://release-name-grafana/api/health"

      code=$(wget --server-response --spider --timeout 10 --tries 1 ${url} 2>&1 | awk '/^  HTTP/{print $2}')
      [ "$code" == "200" ]
    }
---
# Source: grafana/charts/grafana/templates/clusterrole.yaml
kind: ClusterRole
apiVersion: rbac.authorization.k8s.io/v1
metadata:
  labels:
    helm.sh/chart: grafana-6.17.5
    app.kubernetes.io/name: grafana
    app.kubernetes.io/instance: release-name
    app.kubernetes.io/version: "8.2.3"
    app.kubernetes.io/managed-by: Helm
  name: release-name-grafana-clusterrole
rules: []
---
# Source: grafana/charts/grafana/templates/clusterrolebinding.yaml
kind: ClusterRoleBinding
apiVersion: rbac.authorization.k8s.io/v1
metadata:
  name: release-name-grafana-clusterrolebinding
  labels:
    helm.sh/chart: grafana-6.17.5
    app.kubernetes.io/name: grafana
    app.kubernetes.io/instance: release-name
    app.kubernetes.io/version: "8.2.3"
    app.kubernetes.io/managed-by: Helm
subjects:
  - kind: ServiceAccount
    name: release-name-grafana
    namespace: default
roleRef:
  kind: ClusterRole
  name: release-name-grafana-clusterrole
  apiGroup: rbac.authorization.k8s.io
---
# Source: grafana/charts/grafana/templates/role.yaml
apiVersion: rbac.authorization.k8s.io/v1
kind: Role
metadata:
  name: release-name-grafana
  namespace: default
  labels:
    helm.sh/chart: grafana-6.17.5
    app.kubernetes.io/name: grafana
    app.kubernetes.io/instance: release-name
    app.kubernetes.io/version: "8.2.3"
    app.kubernetes.io/managed-by: Helm
rules:
- apiGroups:      ['extensions']
  resources:      ['podsecuritypolicies']
  verbs:          ['use']
  resourceNames:  [release-name-grafana]
---
# Source: grafana/charts/grafana/templates/tests/test-role.yaml
apiVersion: rbac.authorization.k8s.io/v1
kind: Role
metadata:
  name: release-name-grafana-test
  namespace: default
  labels:
    helm.sh/chart: grafana-6.17.5
    app.kubernetes.io/name: grafana
    app.kubernetes.io/instance: release-name
    app.kubernetes.io/version: "8.2.3"
    app.kubernetes.io/managed-by: Helm
rules:
- apiGroups:      ['policy']
  resources:      ['podsecuritypolicies']
  verbs:          ['use']
  resourceNames:  [release-name-grafana-test]
---
# Source: grafana/charts/grafana/templates/rolebinding.yaml
apiVersion: rbac.authorization.k8s.io/v1
kind: RoleBinding
metadata:
  name: release-name-grafana
  namespace: default
  labels:
    helm.sh/chart: grafana-6.17.5
    app.kubernetes.io/name: grafana
    app.kubernetes.io/instance: release-name
    app.kubernetes.io/version: "8.2.3"
    app.kubernetes.io/managed-by: Helm
roleRef:
  apiGroup: rbac.authorization.k8s.io
  kind: Role
  name: release-name-grafana
subjects:
- kind: ServiceAccount
  name: release-name-grafana
  namespace: default
---
# Source: grafana/charts/grafana/templates/tests/test-rolebinding.yaml
apiVersion: rbac.authorization.k8s.io/v1
kind: RoleBinding
metadata:
  name: release-name-grafana-test
  namespace: default
  labels:
    helm.sh/chart: grafana-6.17.5
    app.kubernetes.io/name: grafana
    app.kubernetes.io/instance: release-name
    app.kubernetes.io/version: "8.2.3"
    app.kubernetes.io/managed-by: Helm
roleRef:
  apiGroup: rbac.authorization.k8s.io
  kind: Role
  name: release-name-grafana-test
subjects:
- kind: ServiceAccount
  name: release-name-grafana-test
  namespace: default
---
# Source: grafana/charts/grafana/templates/service.yaml
apiVersion: v1
kind: Service
metadata:
  name: release-name-grafana
  namespace: default
  labels:
    helm.sh/chart: grafana-6.17.5
    app.kubernetes.io/name: grafana
    app.kubernetes.io/instance: release-name
    app.kubernetes.io/version: "8.2.3"
    app.kubernetes.io/managed-by: Helm
spec:
  type: ClusterIP
  ports:
    - name: service
      port: 80
      protocol: TCP
      targetPort: 3000

  selector:
    app.kubernetes.io/name: grafana
    app.kubernetes.io/instance: release-name
---
# Source: grafana/charts/grafana/templates/deployment.yaml
apiVersion: apps/v1
kind: Deployment
metadata:
  name: release-name-grafana
  namespace: default
  labels:
    helm.sh/chart: grafana-6.17.5
    app.kubernetes.io/name: grafana
    app.kubernetes.io/instance: release-name
    app.kubernetes.io/version: "8.2.3"
    app.kubernetes.io/managed-by: Helm
spec:
  replicas: 1
  revisionHistoryLimit: 10
  selector:
    matchLabels:
      app.kubernetes.io/name: grafana
      app.kubernetes.io/instance: release-name
  strategy:
    type: RollingUpdate
  template:
    metadata:
      labels:
        app.kubernetes.io/name: grafana
        app.kubernetes.io/instance: release-name
      annotations:
        checksum/config: 1de26864c75e0b5f81d289ce7f6fe83911ef9431b939976fc2b1f8a551e1bfb9
        checksum/dashboards-json-config: 01ba4719c80b6fe911b091a7c05124b64eeece964e09c058ef8f9805daca546b
        checksum/sc-dashboard-provider-config: 01ba4719c80b6fe911b091a7c05124b64eeece964e09c058ef8f9805daca546b
    spec:
      
      serviceAccountName: release-name-grafana
      automountServiceAccountToken: true
      securityContext:
        fsGroup: 472
        runAsGroup: 472
        runAsUser: 472
      enableServiceLinks: true
      containers:
        - name: grafana
          image: "grafana/grafana:8.2.3"
          imagePullPolicy: IfNotPresent
          volumeMounts:
            - name: config
              mountPath: "/etc/grafana/grafana.ini"
              subPath: grafana.ini
            - name: storage
              mountPath: "/var/lib/grafana"
          ports:
            - name: service
              containerPort: 80
              protocol: TCP
            - name: grafana
              containerPort: 3000
              protocol: TCP
          env:
            - name: GF_SECURITY_ADMIN_USER
              valueFrom:
                secretKeyRef:
                  name: grafana
                  key: admin-user
            - name: GF_SECURITY_ADMIN_PASSWORD
              valueFrom:
                secretKeyRef:
                  name: grafana
                  key: admin-password
            
            - name: GF_PATHS_DATA
              value: /var/lib/grafana/
            - name: GF_PATHS_LOGS
              value: /var/log/grafana
            - name: GF_PATHS_PLUGINS
              value: /var/lib/grafana/plugins
            - name: GF_PATHS_PROVISIONING
              value: /etc/grafana/provisioning
          livenessProbe:
            failureThreshold: 10
            httpGet:
              path: /api/health
              port: 3000
            initialDelaySeconds: 60
            timeoutSeconds: 30
          readinessProbe:
            httpGet:
              path: /api/health
              port: 3000
          resources:
            {}
      volumes:
        - name: config
          configMap:
            name: release-name-grafana
        - name: storage
          emptyDir: {}
---
# Source: grafana/charts/grafana/templates/tests/test.yaml
apiVersion: v1
kind: Pod
metadata:
  name: release-name-grafana-test
  labels:
    helm.sh/chart: grafana-6.17.5
    app.kubernetes.io/name: grafana
    app.kubernetes.io/instance: release-name
    app.kubernetes.io/version: "8.2.3"
    app.kubernetes.io/managed-by: Helm
  annotations:
    "helm.sh/hook": test-success
  namespace: default
spec:
  serviceAccountName: release-name-grafana-test
  containers:
    - name: release-name-test
      image: "bats/bats:v1.4.1"
      imagePullPolicy: "IfNotPresent"
      command: ["/opt/bats/bin/bats", "-t", "/tests/run.sh"]
      volumeMounts:
        - mountPath: /tests
          name: tests
          readOnly: true
  volumes:
  - name: tests
    configMap:
      name: release-name-grafana-test
  restartPolicy: Never
