---
# Source: argocd-apps/templates/argocd-apps-usermla.yaml
# in case of mla, we define a configmap so - we will need to create NS explicitly.
apiVersion: v1
kind: Namespace
metadata:
  name: mla
---
# Source: argocd-apps/templates/argocd-apps-backup.yaml
# Copyright 2024 The Kubermatic Kubernetes Platform contributors.
#
# Licensed under the Apache License, Version 2.0 (the "License");
# you may not use this file except in compliance with the License.
# You may obtain a copy of the License at
#
#     http://www.apache.org/licenses/LICENSE-2.0
#
# Unless required by applicable law or agreed to in writing, software
# distributed under the License is distributed on an "AS IS" BASIS,
# WITHOUT WARRANTIES OR CONDITIONS OF ANY KIND, either express or implied.
# See the License for the specific language governing permissions and
# limitations under the License.
---
# Source: argocd-apps/templates/argocd-apps-kkp-core.yaml
# Copyright 2024 The Kubermatic Kubernetes Platform contributors.
#
# Licensed under the Apache License, Version 2.0 (the "License");
# you may not use this file except in compliance with the License.
# You may obtain a copy of the License at
#
#     http://www.apache.org/licenses/LICENSE-2.0
#
# Unless required by applicable law or agreed to in writing, software
# distributed under the License is distributed on an "AS IS" BASIS,
# WITHOUT WARRANTIES OR CONDITIONS OF ANY KIND, either express or implied.
# See the License for the specific language governing permissions and
# limitations under the License.
---
# Source: argocd-apps/templates/argocd-apps-logging.yaml
# Copyright 2024 The Kubermatic Kubernetes Platform contributors.
#
# Licensed under the Apache License, Version 2.0 (the "License");
# you may not use this file except in compliance with the License.
# You may obtain a copy of the License at
#
#     http://www.apache.org/licenses/LICENSE-2.0
#
# Unless required by applicable law or agreed to in writing, software
# distributed under the License is distributed on an "AS IS" BASIS,
# WITHOUT WARRANTIES OR CONDITIONS OF ANY KIND, either express or implied.
# See the License for the specific language governing permissions and
# limitations under the License.
---
# Source: argocd-apps/templates/argocd-apps-monitoring.yaml
# Copyright 2024 The Kubermatic Kubernetes Platform contributors.
#
# Licensed under the Apache License, Version 2.0 (the "License");
# you may not use this file except in compliance with the License.
# You may obtain a copy of the License at
#
#     http://www.apache.org/licenses/LICENSE-2.0
#
# Unless required by applicable law or agreed to in writing, software
# distributed under the License is distributed on an "AS IS" BASIS,
# WITHOUT WARRANTIES OR CONDITIONS OF ANY KIND, either express or implied.
# See the License for the specific language governing permissions and
# limitations under the License.
---
# Source: argocd-apps/templates/argocd-apps-storage.yaml
# Copyright 2024 The Kubermatic Kubernetes Platform contributors.
#
# Licensed under the Apache License, Version 2.0 (the "License");
# you may not use this file except in compliance with the License.
# You may obtain a copy of the License at
#
#     http://www.apache.org/licenses/LICENSE-2.0
#
# Unless required by applicable law or agreed to in writing, software
# distributed under the License is distributed on an "AS IS" BASIS,
# WITHOUT WARRANTIES OR CONDITIONS OF ANY KIND, either express or implied.
# See the License for the specific language governing permissions and
# limitations under the License.
---
# Source: argocd-apps/templates/argocd-apps-usermla.yaml
# Copyright 2024 The Kubermatic Kubernetes Platform contributors.
#
# Licensed under the Apache License, Version 2.0 (the "License");
# you may not use this file except in compliance with the License.
# You may obtain a copy of the License at
#
#     http://www.apache.org/licenses/LICENSE-2.0
#
# Unless required by applicable law or agreed to in writing, software
# distributed under the License is distributed on an "AS IS" BASIS,
# WITHOUT WARRANTIES OR CONDITIONS OF ANY KIND, either express or implied.
# See the License for the specific language governing permissions and
# limitations under the License.
---
# Source: argocd-apps/templates/argocd-apps-kkp-core.yaml
apiVersion: argoproj.io/v1alpha1
kind: AppProject
metadata:
  name: kubermatic-config
  namespace: argocd
  finalizers:
    - resources-finalizer.argocd.argoproj.io
spec:
  description: ArgoCD Project for all core KKP configurations
  clusterResourceWhitelist:
  - group: '*'
    kind: '*'
  sourceRepos:
  - '*'
  destinations:
  - namespace: kubermatic
    server: https://kubernetes.default.svc
  - namespace: mla
    server: https://kubernetes.default.svc
  - namespace: iap
    server: https://kubernetes.default.svc
  - namespace: argocd
    server: https://kubernetes.default.svc
