---
# Source: alertmanager/templates/pdb.yaml
# Copyright 2020 The Kubermatic Kubernetes Platform contributors.
#
# Licensed under the Apache License, Version 2.0 (the "License");
# you may not use this file except in compliance with the License.
# You may obtain a copy of the License at
#
#     http://www.apache.org/licenses/LICENSE-2.0
#
# Unless required by applicable law or agreed to in writing, software
# distributed under the License is distributed on an "AS IS" BASIS,
# WITHOUT WARRANTIES OR CONDITIONS OF ANY KIND, either express or implied.
# See the License for the specific language governing permissions and
# limitations under the License.


apiVersion: policy/v1

kind: PodDisruptionBudget
metadata:
  name: release-name
spec:
  minAvailable: 1
  selector:
    matchLabels:
      app: release-name
---
# Source: alertmanager/templates/secret.yaml
# Copyright 2020 The Kubermatic Kubernetes Platform contributors.
#
# Licensed under the Apache License, Version 2.0 (the "License");
# you may not use this file except in compliance with the License.
# You may obtain a copy of the License at
#
#     http://www.apache.org/licenses/LICENSE-2.0
#
# Unless required by applicable law or agreed to in writing, software
# distributed under the License is distributed on an "AS IS" BASIS,
# WITHOUT WARRANTIES OR CONDITIONS OF ANY KIND, either express or implied.
# See the License for the specific language governing permissions and
# limitations under the License.

apiVersion: v1
kind: Secret
metadata:
  name: release-name
type: Opaque
data:
  alertmanager.yaml: "Z2xvYmFsOgogIHNsYWNrX2FwaV91cmw6IGh0dHBzOi8vaG9va3Muc2xhY2suY29tL3NlcnZpY2VzL1lPVVJfS0VZU19IRVJFCmluaGliaXRfcnVsZXM6Ci0gZXF1YWw6CiAgLSBzZWVkX2NsdXN0ZXIKICAtIGNsdXN0ZXIKICBzb3VyY2VfbWF0Y2g6CiAgICBhbGVydG5hbWU6IEt1YmVybWF0aWNDbHVzdGVyUGF1c2VkCi0gZXF1YWw6CiAgLSBzZWVkX2NsdXN0ZXIKICAtIGNsdXN0ZXIKICBzb3VyY2VfbWF0Y2hfcmU6CiAgICBhbGVydG5hbWU6IEV0Y2REb3duCiAgICBjbHVzdGVyOiAuKwotIGVxdWFsOgogIC0gc2VlZF9jbHVzdGVyCiAgLSBjbHVzdGVyCiAgc291cmNlX21hdGNoX3JlOgogICAgYWxlcnRuYW1lOiBLdWJlcm5ldGVzQXBpc2VydmVyRG93bgogICAgY2x1c3RlcjogLisKLSBlcXVhbDoKICAtIHNlZWRfY2x1c3RlcgogIC0gY2x1c3RlcgogIHNvdXJjZV9tYXRjaF9yZToKICAgIGFsZXJ0bmFtZTogT3BlblZQTlNlcnZlckRvd24KICAgIGNsdXN0ZXI6IC4rCiAgdGFyZ2V0X21hdGNoX3JlOgogICAgYWxlcnRuYW1lOiAoQ0Fkdmlzb3JEb3dufEt1YmVybmV0ZXNOb2RlRG93bikKcmVjZWl2ZXJzOgotIG5hbWU6IGJsYWNraG9sZQotIG5hbWU6IGRlZmF1bHQKICBzbGFja19jb25maWdzOgogIC0gY2hhbm5lbDogJyNhbGVydGluZycKICAgIHNlbmRfcmVzb2x2ZWQ6IHRydWUKcm91dGU6CiAgZ3JvdXBfYnk6CiAgLSBhbGVydG5hbWUKICAtIG5hbWVzcGFjZQogIC0gc2VlZF9jbHVzdGVyCiAgLSBjbHVzdGVyCiAgcmVjZWl2ZXI6IGRlZmF1bHQKICByZXBlYXRfaW50ZXJ2YWw6IDFoCiAgcm91dGVzOgogIC0gbWF0Y2g6CiAgICAgIHNldmVyaXR5OiBub25lCiAgICByZWNlaXZlcjogYmxhY2tob2xl"
  kubermatic.tmpl: "eyogQSBuaWNlLCBjb21wYWN0IHNldCBvZiB0ZW1wbGF0ZXMgZm9yIHByZXR0eSBTbGFjayBBbGVydHMuICp9CnsqIENhcGFibGUgb2YgZGlzcGxheWluZyB0aGUgdXNlci1jbHVzdGVyIGZyb20gd2hpY2ggYWxlcnRzIG9yaWdpbmF0ZS4gKn0KeyogU2hvd3MgYSBwcmV0dHkgZmxhZyBpZiB0aGUgc2VlZCBjbHVzdGVyIG5hbWUgbWF0Y2hlcyByZWdleC4gKn0KCnt7IGRlZmluZSAic2xhY2sua3ViZXJtYXRpYy5wcmV0dHkucnVuYm9vayIgfX17eyB3aXRoIC5Bbm5vdGF0aW9ucy5ydW5ib29rX3VybCB9fTx7eyAuIH19fDpub3RlYm9vazo+e3sgZW5kIH19e3sgZW5kIH19Cnt7IGRlZmluZSAic2xhY2sua3ViZXJtYXRpYy50aXRsZWxpbmsiIH19e3sgZW5kIH19Cnt7IGRlZmluZSAic2xhY2sua3ViZXJtYXRpYy5wcmV0dHkuaWNvbiIgfX17eyBlbmQgfX0Ke3sgZGVmaW5lICJzbGFjay5rdWJlcm1hdGljLmNvbG9yIiB9fXt7IGlmIGVxIC5TdGF0dXMgImZpcmluZyIgfX1kYW5nZXJ7eyBlbHNlIH19Z29vZHt7IGVuZCB9fXt7IGVuZCB9fQoKe3sgZGVmaW5lICJzbGFjay5rdWJlcm1hdGljLnByZXR0eS5sYWJlbHMiIC19fQp7ey0gd2l0aCAuQ29tbW9uTGFiZWxzLnNlZWRfY2x1c3RlciAtfX0Ke3stIGlmICAgICAgKG1hdGNoICJeKGV1fGV1cm9wZSktIiAuKSB9fTpmbGFnLWV1Ogp7ey0gZWxzZSBpZiAobWF0Y2ggIl51c2E/LSIgLikgfX06ZmxhZy11czoKe3stIGVsc2UgaWYgKG1hdGNoICJeYXNpYS0iIC4pIH19OmZsYWctY246Cnt7LSBlbHNlIH19W3t7IC4gfX1de3sgZW5kIC19fQp7ey0gZW5kIC19fSB7eyB3aXRoIC5Db21tb25MYWJlbHMuY2x1c3RlciB9fSBbe3sgLiB9fV17eyBlbmQgfX0Ke3stIGVuZCB9fQoKe3sgZGVmaW5lICJzbGFjay5rdWJlcm1hdGljLnRpdGxlIiAtfX0KICAgIHt7LSB0ZW1wbGF0ZSAic2xhY2sua3ViZXJtYXRpYy5wcmV0dHkuaWNvbiIgLiAtfX0KICAgIHt7IHRlbXBsYXRlICJzbGFjay5rdWJlcm1hdGljLnByZXR0eS5sYWJlbHMiIC4gfX0gPHt7IC5FeHRlcm5hbFVSTCB9fS8jL2FsZXJ0cz9yZWNlaXZlcj17eyAuUmVjZWl2ZXIgfX18e3sgLkNvbW1vbkxhYmVscy5hbGVydG5hbWUgfX0+CiAgICB7ey0gaWYgZXEgLlN0YXR1cyAiZmlyaW5nIiB9fSBbIHt7IC5BbGVydHMuRmlyaW5nIHwgbGVuIH19IF17eyBlbmQgLX19Cnt7LSBlbmQgfX0KCnt7IGRlZmluZSAic2xhY2sua3ViZXJtYXRpYy50ZXh0IiAtfX0Ke3stIHJhbmdlIC5BbGVydHMgfX0Ke3stIGlmIGVxIC5TdGF0dXMgInJlc29sdmVkIiB9fVtSRVNPTFZFRF0ge3sgZW5kIC19fQp7eyAuQW5ub3RhdGlvbnMubWVzc2FnZSB9fSB7eyB0ZW1wbGF0ZSAic2xhY2sua3ViZXJtYXRpYy5wcmV0dHkucnVuYm9vayIgLiB9fQp7eyBlbmQgLX19Cnt7LSBlbmQgfX0KCnsqIHNsYWNrIGZhbGxiYWNrIGZvciBjb25zdHJhaW50IGVudmlyb25tZW50cyBsaWtlIEFuZHJvaWQgbm90aWZpY2F0aW9ucyAqfQoKe3sgZGVmaW5lICJzbGFjay5rdWJlcm1hdGljLmZhbGxiYWNrLmljb24iIH19e3sgaWYgZXEgLlN0YXR1cyAiZmlyaW5nIiB9feKcl3t7IGVsc2UgfX3inJN7eyBlbmQgfX17eyBlbmQgfX0Ke3sgZGVmaW5lICJzbGFjay5rdWJlcm1hdGljLmZhbGxiYWNrLmxhYmVscyIgfX1be3sgLkNvbW1vbkxhYmVscy5zZWVkX2NsdXN0ZXIgfCB0b1VwcGVyIH19XXt7IGVuZCB9fSB7KiBkbyBub3QgaW5jbHVkZSB1c2VyIGNsdXN0ZXIgSURzIGluIGZhbGxiYWNrcyAqfQp7eyBkZWZpbmUgInNsYWNrLmt1YmVybWF0aWMuZmFsbGJhY2sucnVuYm9vayIgfX17eyB3aXRoIC5Bbm5vdGF0aW9ucy5ydW5ib29rX3VybCB9fTx7eyAuIH19fDpub3RlYm9vazo+e3sgZW5kIH19e3sgZW5kIH19Cgp7eyBkZWZpbmUgInNsYWNrLmt1YmVybWF0aWMuZmFsbGJhY2siIC19fQp7ey0gdGVtcGxhdGUgInNsYWNrLmt1YmVybWF0aWMuZmFsbGJhY2suaWNvbiIgLiB9fSB7eyB0ZW1wbGF0ZSAic2xhY2sua3ViZXJtYXRpYy5mYWxsYmFjay5sYWJlbHMiIC4gfX0ge3sgLkNvbW1vbkxhYmVscy5hbGVydG5hbWUgfX0ge3sgcmFuZ2UgLkFsZXJ0cyB9fSB7eyAuQW5ub3RhdGlvbnMubWVzc2FnZSB9fSB7eyBlbmQgfX0Ke3stIGVuZCB9fQo="
---
# Source: alertmanager/templates/service.yaml
# Copyright 2020 The Kubermatic Kubernetes Platform contributors.
#
# Licensed under the Apache License, Version 2.0 (the "License");
# you may not use this file except in compliance with the License.
# You may obtain a copy of the License at
#
#     http://www.apache.org/licenses/LICENSE-2.0
#
# Unless required by applicable law or agreed to in writing, software
# distributed under the License is distributed on an "AS IS" BASIS,
# WITHOUT WARRANTIES OR CONDITIONS OF ANY KIND, either express or implied.
# See the License for the specific language governing permissions and
# limitations under the License.

apiVersion: v1
kind: Service
metadata:
  name: release-name
  labels:
    app: release-name
spec:
  type: ClusterIP
  clusterIP: None
  ports:
  - name: web
    port: 9093
    protocol: TCP
    targetPort: 9093
  - name: mesh
    port: 6783
    protocol: TCP
    targetPort: 6783
  selector:
    app: release-name
---
# Source: alertmanager/templates/service.yaml
# This server is provided to retain backwards compatibility with
# existing user clusters which have not yet been reconciled to
# use the new default Alertmanager service name.
apiVersion: v1
kind: Service
metadata:
  name: alertmanager-kubermatic
  labels:
    app: release-name
spec:
  type: ClusterIP
  clusterIP: None
  ports:
  - name: web
    port: 9093
    protocol: TCP
    targetPort: 9093
  - name: mesh
    port: 6783
    protocol: TCP
    targetPort: 6783
  selector:
    app: release-name
---
# Source: alertmanager/templates/statefulset.yaml
# Copyright 2020 The Kubermatic Kubernetes Platform contributors.
#
# Licensed under the Apache License, Version 2.0 (the "License");
# you may not use this file except in compliance with the License.
# You may obtain a copy of the License at
#
#     http://www.apache.org/licenses/LICENSE-2.0
#
# Unless required by applicable law or agreed to in writing, software
# distributed under the License is distributed on an "AS IS" BASIS,
# WITHOUT WARRANTIES OR CONDITIONS OF ANY KIND, either express or implied.
# See the License for the specific language governing permissions and
# limitations under the License.

apiVersion: apps/v1
kind: StatefulSet
metadata:
  name: release-name
  labels:
    app: release-name
spec:
  replicas: 3
  revisionHistoryLimit: 10
  selector:
    matchLabels:
      app: release-name
  serviceName: release-name
  template:
    metadata:
      labels:
        app: release-name
    spec:
      containers:
      - name: alertmanager
        image: 'quay.io/prometheus/alertmanager:v0.27.0'
        imagePullPolicy: IfNotPresent
        args:
        - --config.file=/etc/alertmanager/config/alertmanager.yaml
        - --cluster.listen-address=$(POD_IP):6783
        - --storage.path=/alertmanager
        - --web.listen-address=:9093
        - --web.external-url=https://
        - --web.route-prefix=/
        - --cluster.peer=release-name-0.release-name.default.svc.cluster.local:6783
        - --cluster.peer=release-name-1.release-name.default.svc.cluster.local:6783
        - --cluster.peer=release-name-2.release-name.default.svc.cluster.local:6783
        env:
        - name: POD_IP
          valueFrom:
            fieldRef:
              apiVersion: v1
              fieldPath: status.podIP
        ports:
        - containerPort: 9093
          name: web
          protocol: TCP
        - containerPort: 6783
          name: mesh
          protocol: TCP
        livenessProbe:
          failureThreshold: 10
          httpGet:
            path: /-/healthy
            port: web
            scheme: HTTP
          periodSeconds: 10
          successThreshold: 1
          timeoutSeconds: 3
        readinessProbe:
          failureThreshold: 10
          httpGet:
            path: /-/ready
            port: web
            scheme: HTTP
          initialDelaySeconds: 3
          periodSeconds: 5
          successThreshold: 1
          timeoutSeconds: 3
        resources:
          limits:
            cpu: 200m
            memory: 48Mi
          requests:
            cpu: 100m
            memory: 32Mi
        terminationMessagePath: /dev/termination-log
        terminationMessagePolicy: File
        volumeMounts:
        - mountPath: /etc/alertmanager/config
          name: config-volume
        - mountPath: /alertmanager
          name: db
          subPath: alertmanager-db

      - name: reloader
        image: 'ghcr.io/jimmidyson/configmap-reload:v0.12.0'
        imagePullPolicy: IfNotPresent
        args:
        - -webhook-url=http://localhost:9093/-/reload
        - -volume-dir=/etc/alertmanager/config
        resources:
          limits:
            cpu: 150m
            memory: 32Mi
          requests:
            cpu: 50m
            memory: 24Mi
        terminationMessagePath: /dev/termination-log
        terminationMessagePolicy: File
        volumeMounts:
        - mountPath: /etc/alertmanager/config
          name: config-volume
          readOnly: true
      dnsPolicy: ClusterFirst
      restartPolicy: Always
      schedulerName: default-scheduler
      securityContext:
        fsGroup: 2000
        runAsNonRoot: true
        runAsUser: 1000
      terminationGracePeriodSeconds: 0
      volumes:
      - name: config-volume
        secret:
          defaultMode: 420
          secretName: release-name
      nodeSelector:
        {}
      affinity:
        podAntiAffinity:
          preferredDuringSchedulingIgnoredDuringExecution:
          - podAffinityTerm:
              labelSelector:
                matchLabels:
                  app: release-name
              topologyKey: kubernetes.io/hostname
            weight: 100
      tolerations:
        []
  updateStrategy:
    type: RollingUpdate
  volumeClaimTemplates:
  - metadata:
      name: db
    spec:
      storageClassName: kubermatic-fast
      accessModes:
      - ReadWriteOnce
      resources:
        requests:
          storage: 100Mi
