---
# Source: velero/templates/serviceaccount.yaml
# Copyright 2020 The Kubermatic Kubernetes Platform contributors.
#
# Licensed under the Apache License, Version 2.0 (the "License");
# you may not use this file except in compliance with the License.
# You may obtain a copy of the License at
#
#     http://www.apache.org/licenses/LICENSE-2.0
#
# Unless required by applicable law or agreed to in writing, software
# distributed under the License is distributed on an "AS IS" BASIS,
# WITHOUT WARRANTIES OR CONDITIONS OF ANY KIND, either express or implied.
# See the License for the specific language governing permissions and
# limitations under the License.

apiVersion: v1
kind: ServiceAccount
metadata:
  name: velero
---
# Source: velero/templates/rbac.yaml
# Copyright 2020 The Kubermatic Kubernetes Platform contributors.
#
# Licensed under the Apache License, Version 2.0 (the "License");
# you may not use this file except in compliance with the License.
# You may obtain a copy of the License at
#
#     http://www.apache.org/licenses/LICENSE-2.0
#
# Unless required by applicable law or agreed to in writing, software
# distributed under the License is distributed on an "AS IS" BASIS,
# WITHOUT WARRANTIES OR CONDITIONS OF ANY KIND, either express or implied.
# See the License for the specific language governing permissions and
# limitations under the License.

apiVersion: rbac.authorization.k8s.io/v1
kind: ClusterRoleBinding
metadata:
  name: velero
roleRef:
  apiGroup: rbac.authorization.k8s.io
  kind: ClusterRole
  name: cluster-admin
subjects:
- kind: ServiceAccount
  name: velero
  namespace: default
---
# Source: velero/templates/deployment.yaml
# Copyright 2020 The Kubermatic Kubernetes Platform contributors.
#
# Licensed under the Apache License, Version 2.0 (the "License");
# you may not use this file except in compliance with the License.
# You may obtain a copy of the License at
#
#     http://www.apache.org/licenses/LICENSE-2.0
#
# Unless required by applicable law or agreed to in writing, software
# distributed under the License is distributed on an "AS IS" BASIS,
# WITHOUT WARRANTIES OR CONDITIONS OF ANY KIND, either express or implied.
# See the License for the specific language governing permissions and
# limitations under the License.

apiVersion: apps/v1
kind: Deployment
metadata:
  name: velero
  labels:
    app.kubernetes.io/name: velero
    app.kubernetes.io/version: 'v1.13.1'
    app.kubernetes.io/managed-by: helm
spec:
  replicas: 1
  selector:
    matchLabels:
      app.kubernetes.io/name: velero
  template:
    metadata:
      labels:
        app.kubernetes.io/name: velero
      annotations:
        prometheus.io/scrape: "true"
        prometheus.io/port: "8085"
        kubermatic.io/chart: velero
        cluster-autoscaler.kubernetes.io/safe-to-evict-local-volumes: plugins,scratch
    spec:
      restartPolicy: Always
      containers:
      - name: velero
        image: 'docker.io/velero/velero:v1.13.1'
        imagePullPolicy: IfNotPresent
        command:
        - /velero
        args:
        - server
        - '--uploader-type=restic'
        env:
        - name: VELERO_SCRATCH_DIR
          value: /scratch
        volumeMounts:
        - name: plugins
          mountPath: /plugins
        - name: scratch
          mountPath: /scratch
        ports:
        - name: metrics
          containerPort: 8085
          protocol: TCP
        resources:
          limits:
            cpu: 1
            memory: 512Mi
          requests:
            cpu: 500m
            memory: 128Mi
      volumes:
      - name: plugins
        emptyDir: {}
      - name: scratch
        emptyDir: {}
      serviceAccountName: velero
      nodeSelector:
        {}
      affinity:
        nodeAffinity:
          preferredDuringSchedulingIgnoredDuringExecution:
          - preference:
              matchExpressions:
              - key: kubermatic.io/type
                operator: In
                values:
                - stable
            weight: 100
      tolerations:
        []
---
# Source: velero/templates/config.yaml
# Copyright 2020 The Kubermatic Kubernetes Platform contributors.
#
# Licensed under the Apache License, Version 2.0 (the "License");
# you may not use this file except in compliance with the License.
# You may obtain a copy of the License at
#
#     http://www.apache.org/licenses/LICENSE-2.0
#
# Unless required by applicable law or agreed to in writing, software
# distributed under the License is distributed on an "AS IS" BASIS,
# WITHOUT WARRANTIES OR CONDITIONS OF ANY KIND, either express or implied.
# See the License for the specific language governing permissions and
# limitations under the License.
---
# Source: velero/templates/daemonset.yaml
# Copyright 2020 The Kubermatic Kubernetes Platform contributors.
#
# Licensed under the Apache License, Version 2.0 (the "License");
# you may not use this file except in compliance with the License.
# You may obtain a copy of the License at
#
#     http://www.apache.org/licenses/LICENSE-2.0
#
# Unless required by applicable law or agreed to in writing, software
# distributed under the License is distributed on an "AS IS" BASIS,
# WITHOUT WARRANTIES OR CONDITIONS OF ANY KIND, either express or implied.
# See the License for the specific language governing permissions and
# limitations under the License.
---
# Source: velero/templates/secrets.yaml
# Copyright 2020 The Kubermatic Kubernetes Platform contributors.
#
# Licensed under the Apache License, Version 2.0 (the "License");
# you may not use this file except in compliance with the License.
# You may obtain a copy of the License at
#
#     http://www.apache.org/licenses/LICENSE-2.0
#
# Unless required by applicable law or agreed to in writing, software
# distributed under the License is distributed on an "AS IS" BASIS,
# WITHOUT WARRANTIES OR CONDITIONS OF ANY KIND, either express or implied.
# See the License for the specific language governing permissions and
# limitations under the License.
---
# Source: velero/templates/schedules.yaml
# Copyright 2020 The Kubermatic Kubernetes Platform contributors.
#
# Licensed under the Apache License, Version 2.0 (the "License");
# you may not use this file except in compliance with the License.
# You may obtain a copy of the License at
#
#     http://www.apache.org/licenses/LICENSE-2.0
#
# Unless required by applicable law or agreed to in writing, software
# distributed under the License is distributed on an "AS IS" BASIS,
# WITHOUT WARRANTIES OR CONDITIONS OF ANY KIND, either express or implied.
# See the License for the specific language governing permissions and
# limitations under the License.


apiVersion: v1
kind: List
items:
- {"apiVersion":"velero.io/v1","kind":"Schedule","metadata":{"name":"hourly-cluster"},"spec":{"schedule":"0 * * * *","template":{"includeClusterResources":true,"includedNamespaces":["*"],"snapshotVolumes":false,"ttl":"168h"}}}
