{
  "Version": "2012-10-17",
  "Statement": [
    {
      "Effect": "Allow",
      "Action": [
        "ec2:DescribeInstances",
        "ec2:DescribeRegions",
        "ec2:DescribeRouteTables",
        "ec2:DescribeSecurityGroups",
        "ec2:DescribeSubnets",
        "ec2:DescribeVolumes",
        "ec2:CreateSecurityGroup",
        "ec2:DescribeVolumesModifications",
        "ec2:ModifyInstanceAttribute",
        "ec2:ModifyVolume",
        "ec2:DescribeVpcs"
      ],
      "Resource": [
        "*"
      ]
    },
    {
      "Effect": "Allow",
      "Action": [
        "ec2:CreateVolume",
        "ec2:CreateRoute"
      ],
      "Resource": [
        "*"
      ],
      "Condition": {
        "Null": {
          "ec2:RequestTag/kubernetes.io/cluster/cluster-ajcnaw": "false"
        }
      }
    },
    {
      "Effect": "Allow",
      "Action": [
        "ec2:CreateTags",
        "ec2:AttachVolume",
        "ec2:AuthorizeSecurityGroupIngress",
        "ec2:DeleteRoute",
        "ec2:DeleteSecurityGroup",
        "ec2:DeleteVolume",
        "ec2:DetachVolume",
        "ec2:RevokeSecurityGroupIngress"
      ],
      "Resource": [
        "*"
      ],
      "Condition": {
        "Null": {
          "ec2:ResourceTag/kubernetes.io/cluster/cluster-ajcnaw": "false"
        }
      }
    },
    {
      "Effect": "Allow",
      "Action": [
        "elasticloadbalancing:CreateLoadBalancer",
        "elasticloadbalancing:CreateLoadBalancerPolicy",
        "elasticloadbalancing:CreateLoadBalancerListeners",
        "elasticloadbalancing:CreateListener",
        "elasticloadbalancing:CreateTargetGroup"
      ],
      "Resource": [
        "*"
      ],
      "Condition": {
        "Null": {
          "aws:RequestTag/kubernetes.io/cluster/cluster-ajcnaw": "false"
        }
      }
    },
    {
      "Effect": "Allow",
      "Action": [
        "elasticloadbalancing:AddTags",
        "elasticloadbalancing:AttachLoadBalancerToSubnets",
        "elasticloadbalancing:ApplySecurityGroupsToLoadBalancer",
        "elasticloadbalancing:ConfigureHealthCheck",
        "elasticloadbalancing:DeleteLoadBalancer",
        "elasticloadbalancing:DeleteLoadBalancerListeners",
        "elasticloadbalancing:DescribeLoadBalancers",
        "elasticloadbalancing:DescribeLoadBalancerAttributes",
        "elasticloadbalancing:DetachLoadBalancerFromSubnets",
        "elasticloadbalancing:DeregisterInstancesFromLoadBalancer",
        "elasticloadbalancing:ModifyLoadBalancerAttributes",
        "elasticloadbalancing:RegisterInstancesWithLoadBalancer",
        "elasticloadbalancing:SetLoadBalancerPoliciesForBackendServer",
        "elasticloadbalancing:AddTags",
        "elasticloadbalancing:DeleteListener",
        "elasticloadbalancing:DeleteTargetGroup",
        "elasticloadbalancing:DeregisterTargets",
        "elasticloadbalancing:DescribeListeners",
        "elasticloadbalancing:DescribeLoadBalancerPolicies",
        "elasticloadbalancing:DescribeTargetGroups",
        "elasticloadbalancing:DescribeTargetHealth",
        "elasticloadbalancing:ModifyListener",
        "elasticloadbalancing:ModifyTargetGroup",
        "elasticloadbalancing:RegisterTargets",
        "elasticloadbalancing:SetLoadBalancerPoliciesOfListener"
      ],
      "Resource": [
        "*"
      ],
      "Condition": {
        "Null": {
          "aws:ResourceTag/kubernetes.io/cluster/cluster-ajcnaw": "false"
        }
      }
    }
  ]
}
