admissionConfig:
  pluginConfig:
    BuildDefaults:
      configuration:
        apiVersion: v1
        env: []
        kind: BuildDefaultsConfig
        resources:
          limits: {}
          requests: {}
    BuildOverrides:
      configuration:
        apiVersion: v1
        kind: BuildOverridesConfig
    openshift.io/ImagePolicy:
      configuration:
        apiVersion: v1
        executionRules:
        - matchImageAnnotations:
          - key: images.openshift.io/deny-execution
            value: 'true'
          name: execution-denied
          onResources:
          - resource: pods
          - resource: builds
          reject: true
          skipOnResolutionFailure: true
        kind: ImagePolicyConfig
apiLevels:
- v1
apiVersion: v1
controllerConfig:
  election:
    lockName: openshift-master-controllers
  serviceServingCert:
    signer:
     # CA used for signing serving certs on demand for user workloads
     # https://github.com/openshift/service-serving-cert-signer
     # In theory this shouldn't be required, in practise the APIServer
     # panics on startup if not passed
     certFile: /etc/origin/master/service-signer-ca/ca.crt
     keyFile: /etc/origin/master/service-signer-ca/ca.key
controllers: '*'
corsAllowedOrigins:
## TODO: Fix up to contain all public addresses
- (?i)//127\.0\.0\.1(:|\z)
- (?i)//localhost(:|\z)
- (?i)//kubernetes\.default(:|\z)
- (?i)//kubernetes\.default\.svc\.cluster\.local(:|\z)
- (?i)//kubernetes(:|\z)
- (?i)//openshift\.default(:|\z)
- (?i)//openshift\.default\.svc(:|\z)
- (?i)//172\.30\.0\.1(:|\z)
- (?i)//openshift\.default\.svc\.cluster\.local(:|\z)
- (?i)//kubernetes\.default\.svc(:|\z)
- (?i)//openshift(:|\z)
dnsConfig:
  bindAddress: 0.0.0.0:8053
  bindNetwork: tcp4
etcdClientInfo:
  # Mandatory field, controller manager fails startup if unset
  urls: 
  - "https://etcd-0.etcd.cluster-digitalocean-1.svc.cluster.local.:2379"
  - "https://etcd-1.etcd.cluster-digitalocean-1.svc.cluster.local.:2379"
  - "https://etcd-2.etcd.cluster-digitalocean-1.svc.cluster.local.:2379"
etcdStorageConfig:
  kubernetesStoragePrefix: kubernetes.io
  kubernetesStorageVersion: v1
  openShiftStoragePrefix: openshift.io
  openShiftStorageVersion: v1
imageConfig:
  format: docker.io/openshift/origin-${component}:${version}
  latest: false
imagePolicyConfig:
  internalRegistryHostname: docker-registry.default.svc:5000
kind: MasterConfig
kubeletClientInfo:
  # Port is required for the controller manager to start up
  port: 10250
kubernetesMasterConfig:
  controllerArguments:
    cluster-signing-cert-file:
    - /etc/kubernetes/pki/ca/ca.crt
    cluster-signing-key-file:
    - /etc/kubernetes/pki/ca/ca.key
    pv-recycler-pod-template-filepath-hostpath:
    - /etc/origin/master/recycler_pod.yaml
    pv-recycler-pod-template-filepath-nfs:
    - /etc/origin/master/recycler_pod.yaml
  # For some reason this field results in an error: Encountered config error json: unknown field "masterCount" in object *config.MasterConfig, raw JSON:
  #masterCount: 1
  masterIP: "35.198.93.90"
  podEvictionTimeout: null
  schedulerArguments: null
  schedulerConfigFile: /etc/origin/master/scheduler.json
  servicesNodePortRange: ''
  servicesSubnet: "10.240.16.0/20"
masterClients:
  externalKubernetesClientConnectionOverrides:
    acceptContentTypes: application/vnd.kubernetes.protobuf,application/json
    burst: 400
    contentType: application/vnd.kubernetes.protobuf
    qps: 200
  externalKubernetesKubeConfig: ''
  openshiftLoopbackClientConnectionOverrides:
    acceptContentTypes: application/vnd.kubernetes.protobuf,application/json
    burst: 600
    contentType: application/vnd.kubernetes.protobuf
    qps: 300
  openshiftLoopbackKubeConfig: /etc/origin/master/loopback-kubeconfig/kubeconfig
masterPublicURL: "https://henrik-os2.europe-west3-c.dev.kubermatic.io:32594"
networkConfig:
  clusterNetworks:
  - cidr: "172.25.0.0/16"
    # The number of bits to allocate per node subnet, e.G. 8 == hosts get a /24
    hostSubnetLength: 8
  externalIPNetworkCIDRs:
  - 0.0.0.0/0
  networkPluginName: redhat/openshift-ovs-subnet
  serviceNetworkCIDR: "10.240.16.0/20"
pauseControllers: false
policyConfig:
  bootstrapPolicyFile: /etc/origin/master/policy.json
  openshiftInfrastructureNamespace: openshift-infra
  openshiftSharedResourcesNamespace: openshift
projectConfig:
  defaultNodeSelector: node-role.kubernetes.io/compute=true
  projectRequestMessage: ''
  projectRequestTemplate: ''
  securityAllocator:
    mcsAllocatorRange: s0:/2
    mcsLabelsPerProject: 5
    uidAllocatorRange: 1000000000-1999999999/10000
routingConfig:
  subdomain: router.default.svc.cluster.local
serviceAccountConfig:
  limitSecretReferences: false
  managedNames:
  - default
  - builder
  - deployer
  masterCA: /etc/kubernetes/pki/ca/ca.crt
  privateKeyFile: /etc/kubernetes/service-account-key/sa.key
  publicKeyFiles:
  - /etc/kubernetes/service-account-key/sa.pub
servingInfo:
  bindAddress: 0.0.0.0:32594
  bindNetwork: tcp4
  clientCA: /etc/kubernetes/pki/ca/ca.crt
  certFile: /etc/kubernetes/tls/apiserver-tls.crt
  keyFile: /etc/kubernetes/tls/apiserver-tls.key
  maxRequestsInFlight: 500
  requestTimeoutSeconds: 3600
volumeConfig:
  dynamicProvisioningEnabled: true