---
# Source: loki/charts/loki/templates/serviceaccount.yaml
apiVersion: v1
kind: ServiceAccount
metadata:
  labels:
    app: loki
    chart: loki-2.11.0
    heritage: Helm
    release: release-name
  annotations:
    {}
  name: loki
  namespace: default
automountServiceAccountToken: true
---
# Source: loki/charts/loki/templates/secret.yaml
apiVersion: v1
kind: Secret
metadata:
  name: loki
  namespace: default
  labels:
    app: loki
    chart: loki-2.11.0
    release: release-name
    heritage: Helm
data:
  loki.yaml: YXV0aF9lbmFibGVkOiBmYWxzZQpjaHVua19zdG9yZV9jb25maWc6CiAgbWF4X2xvb2tfYmFja19wZXJpb2Q6IDcyMGgKY29tcGFjdG9yOgogIGNvbXBhY3Rpb25faW50ZXJ2YWw6IDEwbQogIG1heF9jb21wYWN0aW9uX3BhcmFsbGVsaXNtOiAxMAogIHJldGVudGlvbl9kZWxldGVfZGVsYXk6IDEwbQogIHJldGVudGlvbl9kZWxldGVfd29ya2VyX2NvdW50OiAxNTAKICByZXRlbnRpb25fZW5hYmxlZDogdHJ1ZQogIHNoYXJlZF9zdG9yZTogZmlsZXN5c3RlbQogIHdvcmtpbmdfZGlyZWN0b3J5OiAvZGF0YS9sb2tpL2JvbHRkYi1zaGlwcGVyLWNvbXBhY3Rvcgppbmdlc3RlcjoKICBjaHVua19ibG9ja19zaXplOiAyNjIxNDQKICBjaHVua19pZGxlX3BlcmlvZDogM20KICBjaHVua19yZXRhaW5fcGVyaW9kOiAxbQogIGxpZmVjeWNsZXI6CiAgICByaW5nOgogICAgICBrdnN0b3JlOgogICAgICAgIHN0b3JlOiBpbm1lbW9yeQogICAgICByZXBsaWNhdGlvbl9mYWN0b3I6IDEKICBtYXhfdHJhbnNmZXJfcmV0cmllczogMAogIHdhbDoKICAgIGRpcjogL2RhdGEvbG9raS93YWwKbGltaXRzX2NvbmZpZzoKICBlbmZvcmNlX21ldHJpY19uYW1lOiBmYWxzZQogIHJlamVjdF9vbGRfc2FtcGxlczogdHJ1ZQogIHJlamVjdF9vbGRfc2FtcGxlc19tYXhfYWdlOiAxNDRoCiAgcmV0ZW50aW9uX3BlcmlvZDogNzIwaApzY2hlbWFfY29uZmlnOgogIGNvbmZpZ3M6CiAgLSBmcm9tOiAiMjAxOC0wNC0xNSIKICAgIGluZGV4OgogICAgICBwZXJpb2Q6IDE0NGgKICAgICAgcHJlZml4OiBpbmRleF8KICAgIG9iamVjdF9zdG9yZTogZmlsZXN5c3RlbQogICAgc2NoZW1hOiB2OQogICAgc3RvcmU6IGJvbHRkYgogIC0gZnJvbTogIjIwMjEtMDctMDEiCiAgICBpbmRleDoKICAgICAgcGVyaW9kOiAyNGgKICAgICAgcHJlZml4OiBpbmRleF8KICAgIG9iamVjdF9zdG9yZTogZmlsZXN5c3RlbQogICAgc2NoZW1hOiB2MTEKICAgIHN0b3JlOiBib2x0ZGItc2hpcHBlcgpzZXJ2ZXI6CiAgaHR0cF9saXN0ZW5fcG9ydDogMzEwMApzdG9yYWdlX2NvbmZpZzoKICBib2x0ZGI6CiAgICBkaXJlY3Rvcnk6IC9kYXRhL2xva2kvaW5kZXgKICBib2x0ZGJfc2hpcHBlcjoKICAgIGFjdGl2ZV9pbmRleF9kaXJlY3Rvcnk6IC9kYXRhL2xva2kvYm9sdGRiLXNoaXBwZXItYWN0aXZlCiAgICBjYWNoZV9sb2NhdGlvbjogL2RhdGEvbG9raS9ib2x0ZGItc2hpcHBlci1jYWNoZQogICAgY2FjaGVfdHRsOiAyNGgKICAgIHNoYXJlZF9zdG9yZTogZmlsZXN5c3RlbQogIGZpbGVzeXN0ZW06CiAgICBkaXJlY3Rvcnk6IC9kYXRhL2xva2kvY2h1bmtzCnRhYmxlX21hbmFnZXI6CiAgcmV0ZW50aW9uX2RlbGV0ZXNfZW5hYmxlZDogdHJ1ZQogIHJldGVudGlvbl9wZXJpb2Q6IDcyMGg=
---
# Source: loki/charts/loki/templates/role.yaml
apiVersion: rbac.authorization.k8s.io/v1
kind: Role
metadata:
  name: loki
  namespace: default
  labels:
    app: loki
    chart: loki-2.11.0
    heritage: Helm
    release: release-name
---
# Source: loki/charts/loki/templates/rolebinding.yaml
apiVersion: rbac.authorization.k8s.io/v1
kind: RoleBinding
metadata:
  name: loki
  namespace: default
  labels:
    app: loki
    chart: loki-2.11.0
    heritage: Helm
    release: release-name
roleRef:
  apiGroup: rbac.authorization.k8s.io
  kind: Role
  name: loki
subjects:
- kind: ServiceAccount
  name: loki
---
# Source: loki/charts/loki/templates/service-headless.yaml
apiVersion: v1
kind: Service
metadata:
  name: loki-headless
  namespace: default
  labels:
    app: loki
    chart: loki-2.11.0
    release: release-name
    heritage: Helm
    variant: headless
spec:
  clusterIP: None
  ports:
    - port: 3100
      protocol: TCP
      name: http-metrics
      targetPort: http-metrics
  selector:
    app: loki
    release: release-name
---
# Source: loki/charts/loki/templates/service.yaml
apiVersion: v1
kind: Service
metadata:
  name: loki
  namespace: default
  labels:
    app: loki
    chart: loki-2.11.0
    release: release-name
    heritage: Helm
  annotations:
    {}
spec:
  type: ClusterIP
  ports:
    - port: 3100
      protocol: TCP
      name: http-metrics
      targetPort: http-metrics
  selector:
    app: loki
    release: release-name
---
# Source: loki/charts/loki/templates/statefulset.yaml
apiVersion: apps/v1
kind: StatefulSet
metadata:
  name: loki
  namespace: default
  labels:
    app: loki
    chart: loki-2.11.0
    release: release-name
    heritage: Helm
  annotations:
    {}
spec:
  podManagementPolicy: OrderedReady
  replicas: 1
  selector:
    matchLabels:
      app: loki
      release: release-name
  serviceName: loki-headless
  updateStrategy:
    type: RollingUpdate
  template:
    metadata:
      labels:
        app: loki
        name: loki
        release: release-name
      annotations:
        checksum/config: b3eb50f00695965b3d663eb5b06ed18e4c7c19f23835de8ddf1d3ca56909c418
        prometheus.io/port: "3100"
        prometheus.io/scrape: "true"
    spec:
      serviceAccountName: loki
      securityContext:
        fsGroup: 10001
        runAsGroup: 10001
        runAsNonRoot: true
        runAsUser: 10001
      initContainers:
        []
      containers:
        - name: loki
          image: "docker.io/grafana/loki:2.5.0"
          imagePullPolicy: IfNotPresent
          args:
            - "-config.file=/etc/loki/loki.yaml"
          volumeMounts:
            - name: tmp
              mountPath: /tmp
            - name: config
              mountPath: /etc/loki
            - name: storage
              mountPath: "/data"
              subPath: 
          ports:
            - name: http-metrics
              containerPort: 3100
              protocol: TCP
          livenessProbe:
            httpGet:
              path: /ready
              port: http-metrics
            initialDelaySeconds: 45
          readinessProbe:
            httpGet:
              path: /ready
              port: http-metrics
            initialDelaySeconds: 45
          resources:
            limits:
              cpu: "1"
              memory: 1Gi
            requests:
              cpu: 300m
              memory: 256Mi
          securityContext:
            readOnlyRootFilesystem: true
          env:
      nodeSelector:
        {}
      affinity:
        {}
      tolerations:
        []
      terminationGracePeriodSeconds: 4800
      volumes:
        - name: tmp
          emptyDir: {}
        - name: config
          secret:
            secretName: loki
  volumeClaimTemplates:
  - metadata:
      name: storage
      annotations:
        {}
    spec:
      accessModes:
        - ReadWriteOnce
      resources:
        requests:
          storage: "15Gi"
      storageClassName: kubermatic-fast
