---
# Source: loki/charts/loki/templates/serviceaccount.yaml
apiVersion: v1
kind: ServiceAccount
metadata:
  labels:
    app: loki
    chart: loki-2.8.1
    heritage: Helm
    release: release-name
  annotations:
    {}
  name: loki
  namespace: default
automountServiceAccountToken: true
---
# Source: loki/charts/loki/templates/secret.yaml
apiVersion: v1
kind: Secret
metadata:
  name: loki
  namespace: default
  labels:
    app: loki
    chart: loki-2.8.1
    release: release-name
    heritage: Helm
data:
  loki.yaml: YXV0aF9lbmFibGVkOiBmYWxzZQpjaHVua19zdG9yZV9jb25maWc6CiAgbWF4X2xvb2tfYmFja19wZXJpb2Q6IDcyMGgKY29tcGFjdG9yOgogIHNoYXJlZF9zdG9yZTogZmlsZXN5c3RlbQogIHdvcmtpbmdfZGlyZWN0b3J5OiAvZGF0YS9sb2tpL2JvbHRkYi1zaGlwcGVyLWNvbXBhY3Rvcgppbmdlc3RlcjoKICBjaHVua19ibG9ja19zaXplOiAyNjIxNDQKICBjaHVua19pZGxlX3BlcmlvZDogM20KICBjaHVua19yZXRhaW5fcGVyaW9kOiAxbQogIGxpZmVjeWNsZXI6CiAgICByaW5nOgogICAgICBrdnN0b3JlOgogICAgICAgIHN0b3JlOiBpbm1lbW9yeQogICAgICByZXBsaWNhdGlvbl9mYWN0b3I6IDEKICBtYXhfdHJhbnNmZXJfcmV0cmllczogMAogIHdhbDoKICAgIGRpcjogL2RhdGEvbG9raS93YWwKbGltaXRzX2NvbmZpZzoKICBlbmZvcmNlX21ldHJpY19uYW1lOiBmYWxzZQogIHJlamVjdF9vbGRfc2FtcGxlczogdHJ1ZQogIHJlamVjdF9vbGRfc2FtcGxlc19tYXhfYWdlOiAxNDRoCnNjaGVtYV9jb25maWc6CiAgY29uZmlnczoKICAtIGZyb206ICIyMDE4LTA0LTE1IgogICAgaW5kZXg6CiAgICAgIHBlcmlvZDogMTQ0aAogICAgICBwcmVmaXg6IGluZGV4XwogICAgb2JqZWN0X3N0b3JlOiBmaWxlc3lzdGVtCiAgICBzY2hlbWE6IHY5CiAgICBzdG9yZTogYm9sdGRiCiAgLSBmcm9tOiAiMjAyMS0wNy0wMSIKICAgIGluZGV4OgogICAgICBwZXJpb2Q6IDI0aAogICAgICBwcmVmaXg6IGluZGV4XwogICAgb2JqZWN0X3N0b3JlOiBmaWxlc3lzdGVtCiAgICBzY2hlbWE6IHYxMQogICAgc3RvcmU6IGJvbHRkYi1zaGlwcGVyCnNlcnZlcjoKICBodHRwX2xpc3Rlbl9wb3J0OiAzMTAwCnN0b3JhZ2VfY29uZmlnOgogIGJvbHRkYjoKICAgIGRpcmVjdG9yeTogL2RhdGEvbG9raS9pbmRleAogIGJvbHRkYl9zaGlwcGVyOgogICAgYWN0aXZlX2luZGV4X2RpcmVjdG9yeTogL2RhdGEvbG9raS9ib2x0ZGItc2hpcHBlci1hY3RpdmUKICAgIGNhY2hlX2xvY2F0aW9uOiAvZGF0YS9sb2tpL2JvbHRkYi1zaGlwcGVyLWNhY2hlCiAgICBjYWNoZV90dGw6IDI0aAogICAgc2hhcmVkX3N0b3JlOiBmaWxlc3lzdGVtCiAgZmlsZXN5c3RlbToKICAgIGRpcmVjdG9yeTogL2RhdGEvbG9raS9jaHVua3MKdGFibGVfbWFuYWdlcjoKICByZXRlbnRpb25fZGVsZXRlc19lbmFibGVkOiB0cnVlCiAgcmV0ZW50aW9uX3BlcmlvZDogNzIwaA==
---
# Source: loki/charts/loki/templates/role.yaml
apiVersion: rbac.authorization.k8s.io/v1
kind: Role
metadata:
  name: loki
  namespace: default
  labels:
    app: loki
    chart: loki-2.8.1
    heritage: Helm
    release: release-name
---
# Source: loki/charts/loki/templates/rolebinding.yaml
apiVersion: rbac.authorization.k8s.io/v1
kind: RoleBinding
metadata:
  name: loki
  namespace: default
  labels:
    app: loki
    chart: loki-2.8.1
    heritage: Helm
    release: release-name
roleRef:
  apiGroup: rbac.authorization.k8s.io
  kind: Role
  name: loki
subjects:
- kind: ServiceAccount
  name: loki
---
# Source: loki/charts/loki/templates/service-headless.yaml
apiVersion: v1
kind: Service
metadata:
  name: loki-headless
  namespace: default
  labels:
    app: loki
    chart: loki-2.8.1
    release: release-name
    heritage: Helm
    variant: headless
spec:
  clusterIP: None
  ports:
    - port: 3100
      protocol: TCP
      name: http-metrics
      targetPort: http-metrics
  selector:
    app: loki
    release: release-name
---
# Source: loki/charts/loki/templates/service.yaml
apiVersion: v1
kind: Service
metadata:
  name: loki
  namespace: default
  labels:
    app: loki
    chart: loki-2.8.1
    release: release-name
    heritage: Helm
  annotations:
    {}
spec:
  type: ClusterIP
  ports:
    - port: 3100
      protocol: TCP
      name: http-metrics
      targetPort: http-metrics
  selector:
    app: loki
    release: release-name
---
# Source: loki/charts/loki/templates/statefulset.yaml
apiVersion: apps/v1
kind: StatefulSet
metadata:
  name: loki
  namespace: default
  labels:
    app: loki
    chart: loki-2.8.1
    release: release-name
    heritage: Helm
  annotations:
    {}
spec:
  podManagementPolicy: OrderedReady
  replicas: 1
  selector:
    matchLabels:
      app: loki
      release: release-name
  serviceName: loki-headless
  updateStrategy:
    type: RollingUpdate
  template:
    metadata:
      labels:
        app: loki
        name: loki
        release: release-name
      annotations:
        checksum/config: a3ca5baf8225ea358579c6e59ee46507278844bfb458fd306233eae3c4443b8e
        prometheus.io/port: "3100"
        prometheus.io/scrape: "true"
    spec:
      serviceAccountName: loki
      securityContext:
        fsGroup: 10001
        runAsGroup: 10001
        runAsNonRoot: true
        runAsUser: 10001
      initContainers:
        []
      containers:
        - name: loki
          image: "grafana/loki:2.4.1"
          imagePullPolicy: IfNotPresent
          args:
            - "-config.file=/etc/loki/loki.yaml"
          volumeMounts:
            - name: config
              mountPath: /etc/loki
            - name: storage
              mountPath: "/data"
              subPath: 
          ports:
            - name: http-metrics
              containerPort: 3100
              protocol: TCP
          livenessProbe:
            httpGet:
              path: /ready
              port: http-metrics
            initialDelaySeconds: 45
          readinessProbe:
            httpGet:
              path: /ready
              port: http-metrics
            initialDelaySeconds: 45
          resources:
            limits:
              cpu: "1"
              memory: 700Mi
            requests:
              cpu: 300m
              memory: 256Mi
          securityContext:
            readOnlyRootFilesystem: true
          env:
      nodeSelector:
        {}
      affinity:
        {}
      tolerations:
        []
      terminationGracePeriodSeconds: 4800
      volumes:
        - name: config
          secret:
            secretName: loki
  volumeClaimTemplates:
  - metadata:
      name: storage
      annotations:
        {}
    spec:
      accessModes:
        - ReadWriteOnce
      resources:
        requests:
          storage: "15Gi"
      storageClassName: kubermatic-fast
