---
# Source: loki/charts/loki/templates/serviceaccount.yaml
apiVersion: v1
kind: ServiceAccount
metadata:
  name: loki
  namespace: default
  labels:
    helm.sh/chart: loki-5.47.2
    app.kubernetes.io/name: loki
    app.kubernetes.io/instance: release-name
    app.kubernetes.io/version: "2.9.6"
    app.kubernetes.io/managed-by: Helm
automountServiceAccountToken: true
---
# Source: loki/charts/loki/templates/config.yaml
apiVersion: v1
kind: ConfigMap
metadata:
  name: loki
  namespace: default
  labels:
    helm.sh/chart: loki-5.47.2
    app.kubernetes.io/name: loki
    app.kubernetes.io/instance: release-name
    app.kubernetes.io/version: "2.9.6"
    app.kubernetes.io/managed-by: Helm
data:
  config.yaml: |
    
    auth_enabled: false
    common:
      compactor_address: 'http://loki:3100'
      path_prefix: /var/loki
      replication_factor: 3
      storage:
        s3:
          bucketnames: chunks
          insecure: false
          s3forcepathstyle: false
    compactor:
      compaction_interval: 10m
      max_compaction_parallelism: 10
      retention_delete_delay: 10m
      retention_delete_worker_count: 150
      retention_enabled: true
      shared_store: filesystem
      working_directory: /var/loki/boltdb-shipper-compactor
    frontend:
      scheduler_address: ""
    frontend_worker:
      scheduler_address: ""
    index_gateway:
      mode: ring
    ingester:
      chunk_block_size: 262144
      chunk_idle_period: 3m
      chunk_retain_period: 1m
      lifecycler:
        ring:
          kvstore:
            store: inmemory
          replication_factor: 1
    limits_config:
      enforce_metric_name: false
      max_cache_freshness_per_query: 10m
      reject_old_samples: true
      reject_old_samples_max_age: 144h
      retention_period: 720h
      split_queries_by_interval: 15m
    memberlist:
      join_members:
      - loki-memberlist
    query_range:
      align_queries_with_step: true
    ruler:
      storage:
        s3:
          bucketnames: ruler
          insecure: false
          s3forcepathstyle: false
        type: s3
    runtime_config:
      file: /etc/loki/runtime-config/runtime-config.yaml
    schema_config:
      configs:
      - from: "2018-04-15"
        index:
          period: 144h
          prefix: index_
        object_store: filesystem
        schema: v9
        store: boltdb
      - from: "2021-07-01"
        index:
          period: 24h
          prefix: index_
        object_store: filesystem
        schema: v11
        store: boltdb-shipper
      - from: "2022-01-11"
        index:
          period: 24h
          prefix: loki_index_
        object_store: filesystem
        schema: v12
        store: boltdb-shipper
    server:
      grpc_listen_port: 9095
      http_listen_port: 3100
    storage_config:
      boltdb:
        directory: /var/loki/index
      boltdb_shipper:
        active_index_directory: /var/loki/boltdb-shipper-active
        cache_location: /var/loki/boltdb-shipper-cache
        cache_ttl: 24h
        shared_store: filesystem
      filesystem:
        directory: /var/loki/chunks
      hedging:
        at: 250ms
        max_per_second: 20
        up_to: 3
    table_manager:
      retention_deletes_enabled: true
      retention_period: 720h
    tracing:
      enabled: false
---
# Source: loki/charts/loki/templates/runtime-configmap.yaml
apiVersion: v1
kind: ConfigMap
metadata:
  name: loki-runtime
  namespace: default
  labels:
    helm.sh/chart: loki-5.47.2
    app.kubernetes.io/name: loki
    app.kubernetes.io/instance: release-name
    app.kubernetes.io/version: "2.9.6"
    app.kubernetes.io/managed-by: Helm
data:
  runtime-config.yaml: |
    {}
---
# Source: loki/charts/loki/templates/backend/clusterrole.yaml
kind: ClusterRole
apiVersion: rbac.authorization.k8s.io/v1
metadata:
  labels:
    helm.sh/chart: loki-5.47.2
    app.kubernetes.io/name: loki
    app.kubernetes.io/instance: release-name
    app.kubernetes.io/version: "2.9.6"
    app.kubernetes.io/managed-by: Helm
  name: loki-clusterrole
rules:
- apiGroups: [""] # "" indicates the core API group
  resources: ["configmaps", "secrets"]
  verbs: ["get", "watch", "list"]
---
# Source: loki/charts/loki/templates/backend/clusterrolebinding.yaml
kind: ClusterRoleBinding
apiVersion: rbac.authorization.k8s.io/v1
metadata:
  name: loki-clusterrolebinding
  labels:
    helm.sh/chart: loki-5.47.2
    app.kubernetes.io/name: loki
    app.kubernetes.io/instance: release-name
    app.kubernetes.io/version: "2.9.6"
    app.kubernetes.io/managed-by: Helm
subjects:
  - kind: ServiceAccount
    name: loki
    namespace: default
roleRef:
  kind: ClusterRole
  name: loki-clusterrole
  apiGroup: rbac.authorization.k8s.io
---
# Source: loki/charts/loki/templates/service-memberlist.yaml
apiVersion: v1
kind: Service
metadata:
  name: loki-memberlist
  namespace: default
  labels:
    helm.sh/chart: loki-5.47.2
    app.kubernetes.io/name: loki
    app.kubernetes.io/instance: release-name
    app.kubernetes.io/version: "2.9.6"
    app.kubernetes.io/managed-by: Helm
spec:
  type: ClusterIP
  clusterIP: None
  ports:
    - name: tcp
      port: 7946
      targetPort: http-memberlist
      protocol: TCP
  selector:
    app.kubernetes.io/name: loki
    app.kubernetes.io/instance: release-name
    app.kubernetes.io/part-of: memberlist
---
# Source: loki/charts/loki/templates/single-binary/service-headless.yaml
apiVersion: v1
kind: Service
metadata:
  name: loki-headless
  namespace: default
  labels:
    helm.sh/chart: loki-5.47.2
    app.kubernetes.io/name: loki
    app.kubernetes.io/instance: release-name
    app.kubernetes.io/version: "2.9.6"
    app.kubernetes.io/managed-by: Helm
    variant: headless
    prometheus.io/service-monitor: "false"
  annotations:
spec:
  clusterIP: None
  ports:
    - name: http-metrics
      port: 3100
      targetPort: http-metrics
      protocol: TCP
  selector:
    app.kubernetes.io/name: loki
    app.kubernetes.io/instance: release-name
---
# Source: loki/charts/loki/templates/single-binary/service.yaml
apiVersion: v1
kind: Service
metadata:
  name: loki
  namespace: default
  labels:
    helm.sh/chart: loki-5.47.2
    app.kubernetes.io/name: loki
    app.kubernetes.io/instance: release-name
    app.kubernetes.io/version: "2.9.6"
    app.kubernetes.io/managed-by: Helm
  annotations:
spec:
  type: ClusterIP
  ports:
    - name: http-metrics
      port: 3100
      targetPort: http-metrics
      protocol: TCP
    - name: grpc
      port: 9095
      targetPort: grpc
      protocol: TCP
  selector:
    app.kubernetes.io/name: loki
    app.kubernetes.io/instance: release-name
    app.kubernetes.io/component: single-binary
---
# Source: loki/charts/loki/templates/single-binary/statefulset.yaml
apiVersion: apps/v1
kind: StatefulSet
metadata:
  name: loki
  namespace: default
  labels:
    helm.sh/chart: loki-5.47.2
    app.kubernetes.io/name: loki
    app.kubernetes.io/instance: release-name
    app.kubernetes.io/version: "2.9.6"
    app.kubernetes.io/managed-by: Helm
    app.kubernetes.io/component: single-binary
    app.kubernetes.io/part-of: memberlist
spec:
  replicas: 1
  podManagementPolicy: Parallel
  updateStrategy:
    rollingUpdate:
      partition: 0
  serviceName: loki-headless
  revisionHistoryLimit: 10
  
  persistentVolumeClaimRetentionPolicy:
    whenDeleted: Delete
    whenScaled: Delete
  selector:
    matchLabels:
      app.kubernetes.io/name: loki
      app.kubernetes.io/instance: release-name
      app.kubernetes.io/component: single-binary
  template:
    metadata:
      annotations:
        checksum/config: 5cda108a31c2d09ccf82f099f4373cb12635a2c04f8bfd335390ecaa7241df48
        cluster-autoscaler.kubernetes.io/safe-to-evict-local-volumes: tmp
        prometheus.io/port: "3100"
        prometheus.io/scrape: "true"
      labels:
        app.kubernetes.io/name: loki
        app.kubernetes.io/instance: release-name
        app.kubernetes.io/component: single-binary
        app.kubernetes.io/part-of: memberlist
    spec:
      serviceAccountName: loki
      automountServiceAccountToken: true
      enableServiceLinks: true
      
      securityContext:
        fsGroup: 10001
        runAsGroup: 10001
        runAsNonRoot: true
        runAsUser: 10001
      terminationGracePeriodSeconds: 30
      containers:
        - name: loki
          image: docker.io/grafana/loki:2.9.6
          imagePullPolicy: IfNotPresent
          args:
            - -config.file=/etc/loki/config/config.yaml
            - -target=all
          ports:
            - name: http-metrics
              containerPort: 3100
              protocol: TCP
            - name: grpc
              containerPort: 9095
              protocol: TCP
            - name: http-memberlist
              containerPort: 7946
              protocol: TCP
          securityContext:
            allowPrivilegeEscalation: false
            capabilities:
              drop:
              - ALL
            readOnlyRootFilesystem: true
          readinessProbe:
            httpGet:
              path: /ready
              port: http-metrics
            initialDelaySeconds: 30
            timeoutSeconds: 1
          volumeMounts:
            - name: tmp
              mountPath: /tmp
            - name: config
              mountPath: /etc/loki/config
            - name: runtime-config
              mountPath: /etc/loki/runtime-config
            - name: storage
              mountPath: /var/loki
          resources:
            limits:
              cpu: "1"
              memory: 1Gi
            requests:
              cpu: 300m
              memory: 256Mi
      volumes:
        - name: tmp
          emptyDir: {}
        - name: config
          configMap:
            name: loki
            items:
              - key: "config.yaml"
                path: "config.yaml"
        - name: runtime-config
          configMap:
            name: loki-runtime
  volumeClaimTemplates:
    - apiVersion: v1
      kind: PersistentVolumeClaim
      metadata:
        name: storage
      spec:
        accessModes:
          - ReadWriteOnce
        storageClassName: kubermatic-fast
        resources:
          requests:
            storage: "15Gi"
