---
# Source: node-exporter/templates/rbac.yaml
# Copyright 2020 The Kubermatic Kubernetes Platform contributors.
#
# Licensed under the Apache License, Version 2.0 (the "License");
# you may not use this file except in compliance with the License.
# You may obtain a copy of the License at
#
#     http://www.apache.org/licenses/LICENSE-2.0
#
# Unless required by applicable law or agreed to in writing, software
# distributed under the License is distributed on an "AS IS" BASIS,
# WITHOUT WARRANTIES OR CONDITIONS OF ANY KIND, either express or implied.
# See the License for the specific language governing permissions and
# limitations under the License.

apiVersion: v1
kind: ServiceAccount
metadata:
  name: node-exporter
---
# Source: node-exporter/templates/rbac.yaml
apiVersion: rbac.authorization.k8s.io/v1
kind: ClusterRole
metadata:
  name: node-exporter
rules:
- apiGroups:
  - authentication.k8s.io
  resources:
  - tokenreviews
  verbs:
  - create
- apiGroups:
  - authorization.k8s.io
  resources:
  - subjectaccessreviews
  verbs:
  - create
---
# Source: node-exporter/templates/rbac.yaml
apiVersion: rbac.authorization.k8s.io/v1
kind: ClusterRoleBinding
metadata:
  name: node-exporter
roleRef:
  apiGroup: rbac.authorization.k8s.io
  kind: ClusterRole
  name: node-exporter
subjects:
- kind: ServiceAccount
  name: node-exporter
  namespace: default
---
# Source: node-exporter/templates/service.yaml
# Copyright 2020 The Kubermatic Kubernetes Platform contributors.
#
# Licensed under the Apache License, Version 2.0 (the "License");
# you may not use this file except in compliance with the License.
# You may obtain a copy of the License at
#
#     http://www.apache.org/licenses/LICENSE-2.0
#
# Unless required by applicable law or agreed to in writing, software
# distributed under the License is distributed on an "AS IS" BASIS,
# WITHOUT WARRANTIES OR CONDITIONS OF ANY KIND, either express or implied.
# See the License for the specific language governing permissions and
# limitations under the License.

apiVersion: v1
kind: Service
metadata:
  name: node-exporter
  labels:
    app: node-exporter
spec:
  clusterIP: None
  ports:
  - name: https
    port: 9100
    targetPort: https
  selector:
    app: node-exporter
---
# Source: node-exporter/templates/daemonset.yaml
# Copyright 2020 The Kubermatic Kubernetes Platform contributors.
#
# Licensed under the Apache License, Version 2.0 (the "License");
# you may not use this file except in compliance with the License.
# You may obtain a copy of the License at
#
#     http://www.apache.org/licenses/LICENSE-2.0
#
# Unless required by applicable law or agreed to in writing, software
# distributed under the License is distributed on an "AS IS" BASIS,
# WITHOUT WARRANTIES OR CONDITIONS OF ANY KIND, either express or implied.
# See the License for the specific language governing permissions and
# limitations under the License.

apiVersion: apps/v1
kind: DaemonSet
metadata:
  name: node-exporter
  labels:
    app.kubernetes.io/name: node-exporter
    app.kubernetes.io/version: 'v1.7.0'
    app.kubernetes.io/managed-by: helm
spec:
  updateStrategy:
    type: RollingUpdate
  selector:
    matchLabels:
      app: node-exporter
  template:
    metadata:
      name: node-exporter
      labels:
        app: node-exporter
      annotations:
        prometheus.io/scrape: 'true'
        prometheus.io/port: '9100'
        kubermatic.io/chart: node-exporter
    spec:
      hostNetwork: true
      hostPID: true
      serviceAccountName: node-exporter
      containers:
      - name: node-exporter
        image: "quay.io/prometheus/node-exporter:v1.7.0"
        args:
        - "--path.procfs=/host/proc"
        - "--path.sysfs=/host/sys"
        - "--path.rootfs=/host/root"
        - "--web.listen-address=127.0.0.1:9100"
        resources:
          limits:
            cpu: 250m
            memory: 48Mi
          requests:
            cpu: 50m
            memory: 24Mi
        volumeMounts:
        - name: proc
          readOnly:  true
          mountPath: /host/proc
        - name: sys
          readOnly: true
          mountPath: /host/sys
        - name: root
          readOnly: true
          mountPath: /host/root
          mountPropagation: HostToContainer
      - name: kube-rbac-proxy
        image: "quay.io/brancz/kube-rbac-proxy:v0.14.1"
        args:
        - "--secure-listen-address=$(IP):9100"
        - "--upstream=http://127.0.0.1:9100/"
        env:
        - name: IP
          valueFrom:
            fieldRef:
              fieldPath: status.podIP
        ports:
        - containerPort: 9100
          hostPort: 9100
          name: https
        resources:
          limits:
            cpu: 100m
            memory: 48Mi
          requests:
            cpu: 50m
            memory: 24Mi
      volumes:
      - name: proc
        hostPath:
          path: /proc
      - name: sys
        hostPath:
          path: /sys
      - name: root
        hostPath:
          path: /
      securityContext:
        runAsNonRoot: true
        runAsUser: 65532
        runAsGroup: 65534
        seccompProfile:
          type: RuntimeDefault
      nodeSelector:
        {}
      affinity:
        {}
      tolerations:
        - effect: NoExecute
          operator: Exists
        - effect: NoSchedule
          operator: Exists
