---
# Source: nginx-ingress-controller/charts/nginx/templates/controller-poddisruptionbudget.yaml
apiVersion: policy/v1beta1
kind: PodDisruptionBudget
metadata:
  labels:
    helm.sh/chart: nginx-4.0.9
    app.kubernetes.io/name: nginx
    app.kubernetes.io/instance: RELEASE-NAME
    app.kubernetes.io/version: "1.0.5"
    app.kubernetes.io/managed-by: Helm
    app.kubernetes.io/component: controller
  name: nginx-ingress-controller
  namespace: default
spec:
  selector:
    matchLabels:
      app.kubernetes.io/name: nginx
      app.kubernetes.io/instance: RELEASE-NAME
      app.kubernetes.io/component: controller
  minAvailable: 1
---
# Source: nginx-ingress-controller/charts/nginx/templates/controller-serviceaccount.yaml
apiVersion: v1
kind: ServiceAccount
metadata:
  labels:
    helm.sh/chart: nginx-4.0.9
    app.kubernetes.io/name: nginx
    app.kubernetes.io/instance: RELEASE-NAME
    app.kubernetes.io/version: "1.0.5"
    app.kubernetes.io/managed-by: Helm
    app.kubernetes.io/component: controller
  name: nginx-ingress
  namespace: default
automountServiceAccountToken: true
---
# Source: nginx-ingress-controller/charts/nginx/templates/controller-configmap.yaml
apiVersion: v1
kind: ConfigMap
metadata:
  labels:
    helm.sh/chart: nginx-4.0.9
    app.kubernetes.io/name: nginx
    app.kubernetes.io/instance: RELEASE-NAME
    app.kubernetes.io/version: "1.0.5"
    app.kubernetes.io/managed-by: Helm
    app.kubernetes.io/component: controller
  name: nginx-ingress-controller
  namespace: default
data:
  allow-snippet-annotations: "true"
---
# Source: nginx-ingress-controller/charts/nginx/templates/clusterrole.yaml
apiVersion: rbac.authorization.k8s.io/v1
kind: ClusterRole
metadata:
  labels:
    helm.sh/chart: nginx-4.0.9
    app.kubernetes.io/name: nginx
    app.kubernetes.io/instance: RELEASE-NAME
    app.kubernetes.io/version: "1.0.5"
    app.kubernetes.io/managed-by: Helm
  name: nginx-ingress
rules:
  - apiGroups:
      - ""
    resources:
      - configmaps
      - endpoints
      - nodes
      - pods
      - secrets
      - namespaces
    verbs:
      - list
      - watch
  - apiGroups:
      - ""
    resources:
      - nodes
    verbs:
      - get
  - apiGroups:
      - ""
    resources:
      - services
    verbs:
      - get
      - list
      - watch
  - apiGroups:
      - networking.k8s.io
    resources:
      - ingresses
    verbs:
      - get
      - list
      - watch
  - apiGroups:
      - ""
    resources:
      - events
    verbs:
      - create
      - patch
  - apiGroups:
      - networking.k8s.io
    resources:
      - ingresses/status
    verbs:
      - update
  - apiGroups:
      - networking.k8s.io
    resources:
      - ingressclasses
    verbs:
      - get
      - list
      - watch
---
# Source: nginx-ingress-controller/charts/nginx/templates/clusterrolebinding.yaml
apiVersion: rbac.authorization.k8s.io/v1
kind: ClusterRoleBinding
metadata:
  labels:
    helm.sh/chart: nginx-4.0.9
    app.kubernetes.io/name: nginx
    app.kubernetes.io/instance: RELEASE-NAME
    app.kubernetes.io/version: "1.0.5"
    app.kubernetes.io/managed-by: Helm
  name: nginx-ingress
roleRef:
  apiGroup: rbac.authorization.k8s.io
  kind: ClusterRole
  name: nginx-ingress
subjects:
  - kind: ServiceAccount
    name: nginx-ingress
    namespace: "default"
---
# Source: nginx-ingress-controller/charts/nginx/templates/controller-role.yaml
apiVersion: rbac.authorization.k8s.io/v1
kind: Role
metadata:
  labels:
    helm.sh/chart: nginx-4.0.9
    app.kubernetes.io/name: nginx
    app.kubernetes.io/instance: RELEASE-NAME
    app.kubernetes.io/version: "1.0.5"
    app.kubernetes.io/managed-by: Helm
    app.kubernetes.io/component: controller
  name: nginx-ingress
  namespace: default
rules:
  - apiGroups:
      - ""
    resources:
      - namespaces
    verbs:
      - get
  - apiGroups:
      - ""
    resources:
      - configmaps
      - pods
      - secrets
      - endpoints
    verbs:
      - get
      - list
      - watch
  - apiGroups:
      - ""
    resources:
      - services
    verbs:
      - get
      - list
      - watch
  - apiGroups:
      - networking.k8s.io
    resources:
      - ingresses
    verbs:
      - get
      - list
      - watch
  - apiGroups:
      - networking.k8s.io
    resources:
      - ingresses/status
    verbs:
      - update
  - apiGroups:
      - networking.k8s.io
    resources:
      - ingressclasses
    verbs:
      - get
      - list
      - watch
  - apiGroups:
      - ""
    resources:
      - configmaps
    resourceNames:
      - ingress-controller-leader
    verbs:
      - get
      - update
  - apiGroups:
      - ""
    resources:
      - configmaps
    verbs:
      - create
  - apiGroups:
      - ""
    resources:
      - events
    verbs:
      - create
      - patch
---
# Source: nginx-ingress-controller/charts/nginx/templates/controller-rolebinding.yaml
apiVersion: rbac.authorization.k8s.io/v1
kind: RoleBinding
metadata:
  labels:
    helm.sh/chart: nginx-4.0.9
    app.kubernetes.io/name: nginx
    app.kubernetes.io/instance: RELEASE-NAME
    app.kubernetes.io/version: "1.0.5"
    app.kubernetes.io/managed-by: Helm
    app.kubernetes.io/component: controller
  name: nginx-ingress
  namespace: default
roleRef:
  apiGroup: rbac.authorization.k8s.io
  kind: Role
  name: nginx-ingress
subjects:
  - kind: ServiceAccount
    name: nginx-ingress
    namespace: "default"
---
# Source: nginx-ingress-controller/charts/nginx/templates/controller-service-metrics.yaml
apiVersion: v1
kind: Service
metadata:
  labels:
    helm.sh/chart: nginx-4.0.9
    app.kubernetes.io/name: nginx
    app.kubernetes.io/instance: RELEASE-NAME
    app.kubernetes.io/version: "1.0.5"
    app.kubernetes.io/managed-by: Helm
    app.kubernetes.io/component: controller
  name: nginx-ingress-controller-metrics
  namespace: default
spec:
  type: ClusterIP
  ports:
    - name: metrics
      port: 10254
      protocol: TCP
      targetPort: metrics
  selector:
    app.kubernetes.io/name: nginx
    app.kubernetes.io/instance: RELEASE-NAME
    app.kubernetes.io/component: controller
---
# Source: nginx-ingress-controller/charts/nginx/templates/controller-service-webhook.yaml
apiVersion: v1
kind: Service
metadata:
  labels:
    helm.sh/chart: nginx-4.0.9
    app.kubernetes.io/name: nginx
    app.kubernetes.io/instance: RELEASE-NAME
    app.kubernetes.io/version: "1.0.5"
    app.kubernetes.io/managed-by: Helm
    app.kubernetes.io/component: controller
  name: nginx-ingress-controller-admission
  namespace: default
spec:
  type: ClusterIP
  ports:
    - name: https-webhook
      port: 443
      targetPort: webhook
      appProtocol: https
  selector:
    app.kubernetes.io/name: nginx
    app.kubernetes.io/instance: RELEASE-NAME
    app.kubernetes.io/component: controller
---
# Source: nginx-ingress-controller/charts/nginx/templates/controller-service.yaml
apiVersion: v1
kind: Service
metadata:
  annotations:
    helm.sh/resource-policy: "keep"
  labels:
    helm.sh/chart: nginx-4.0.9
    app.kubernetes.io/name: nginx
    app.kubernetes.io/instance: RELEASE-NAME
    app.kubernetes.io/version: "1.0.5"
    app.kubernetes.io/managed-by: Helm
    app.kubernetes.io/component: controller
  name: nginx-ingress-controller
  namespace: default
spec:
  type: LoadBalancer
  ipFamilyPolicy: SingleStack
  ipFamilies: 
    - IPv4
  ports:
    - name: http
      port: 80
      protocol: TCP
      targetPort: http
      appProtocol: http
    - name: https
      port: 443
      protocol: TCP
      targetPort: https
      appProtocol: https
  selector:
    app.kubernetes.io/name: nginx
    app.kubernetes.io/instance: RELEASE-NAME
    app.kubernetes.io/component: controller
---
# Source: nginx-ingress-controller/charts/nginx/templates/controller-deployment.yaml
apiVersion: apps/v1
kind: Deployment
metadata:
  labels:
    helm.sh/chart: nginx-4.0.9
    app.kubernetes.io/name: nginx
    app.kubernetes.io/instance: RELEASE-NAME
    app.kubernetes.io/version: "1.0.5"
    app.kubernetes.io/managed-by: Helm
    app.kubernetes.io/component: controller
  name: nginx-ingress-controller
  namespace: default
spec:
  selector:
    matchLabels:
      app.kubernetes.io/name: nginx
      app.kubernetes.io/instance: RELEASE-NAME
      app.kubernetes.io/component: controller
  replicas: 3
  revisionHistoryLimit: 10
  minReadySeconds: 0
  template:
    metadata:
      annotations:
        prometheus.io/port: "10254"
        prometheus.io/scrape: "true"
      labels:
        app.kubernetes.io/name: nginx
        app.kubernetes.io/instance: RELEASE-NAME
        app.kubernetes.io/component: controller
    spec:
      dnsPolicy: ClusterFirst
      containers:
        - name: controller
          image: "k8s.gcr.io/ingress-nginx/controller:v1.0.5@sha256:55a1fcda5b7657c372515fe402c3e39ad93aa59f6e4378e82acd99912fe6028d"
          imagePullPolicy: IfNotPresent
          lifecycle: 
            preStop:
              exec:
                command:
                - /wait-shutdown
          args:
            - /nginx-ingress-controller
            - --publish-service=$(POD_NAMESPACE)/nginx-ingress-controller
            - --election-id=ingress-controller-leader
            - --controller-class=k8s.io/ingress-nginx
            - --configmap=$(POD_NAMESPACE)/nginx-ingress-controller
            - --validating-webhook=:8443
            - --validating-webhook-certificate=/usr/local/certificates/cert
            - --validating-webhook-key=/usr/local/certificates/key
          securityContext: 
            capabilities:
              drop:
              - ALL
              add:
              - NET_BIND_SERVICE
            runAsUser: 101
            allowPrivilegeEscalation: true
          env:
            - name: POD_NAME
              valueFrom:
                fieldRef:
                  fieldPath: metadata.name
            - name: POD_NAMESPACE
              valueFrom:
                fieldRef:
                  fieldPath: metadata.namespace
            - name: LD_PRELOAD
              value: /usr/local/lib/libmimalloc.so
          livenessProbe: 
            failureThreshold: 5
            httpGet:
              path: /healthz
              port: 10254
              scheme: HTTP
            initialDelaySeconds: 10
            periodSeconds: 10
            successThreshold: 1
            timeoutSeconds: 1
          readinessProbe: 
            failureThreshold: 3
            httpGet:
              path: /healthz
              port: 10254
              scheme: HTTP
            initialDelaySeconds: 10
            periodSeconds: 10
            successThreshold: 1
            timeoutSeconds: 1
          ports:
            - name: http
              containerPort: 80
              protocol: TCP
            - name: https
              containerPort: 443
              protocol: TCP
            - name: metrics
              containerPort: 10254
              protocol: TCP
            - name: webhook
              containerPort: 8443
              protocol: TCP
          volumeMounts:
            - name: webhook-cert
              mountPath: /usr/local/certificates/
              readOnly: true
          resources: 
            limits:
              cpu: 500m
              memory: 512Mi
            requests:
              cpu: 50m
              memory: 128Mi
      nodeSelector: 
        kubernetes.io/os: linux
      tolerations: 
        - effect: NoSchedule
          key: only_critical
          operator: Equal
          value: "true"
      affinity: 
        nodeAffinity:
          preferredDuringSchedulingIgnoredDuringExecution:
          - preference:
              matchExpressions:
              - key: kubermatic.io/type
                operator: In
                values:
                - stable
            weight: 100
      serviceAccountName: nginx-ingress
      terminationGracePeriodSeconds: 300
      volumes:
        - name: webhook-cert
          secret:
            secretName: nginx-ingress-admission
---
# Source: nginx-ingress-controller/charts/nginx/templates/controller-ingressclass.yaml
# We don't support namespaced ingressClass yet
# So a ClusterRole and a ClusterRoleBinding is required
apiVersion: networking.k8s.io/v1
kind: IngressClass
metadata:
  labels:
    helm.sh/chart: nginx-4.0.9
    app.kubernetes.io/name: nginx
    app.kubernetes.io/instance: RELEASE-NAME
    app.kubernetes.io/version: "1.0.5"
    app.kubernetes.io/managed-by: Helm
    app.kubernetes.io/component: controller
  name: nginx
spec:
  controller: k8s.io/ingress-nginx
---
# Source: nginx-ingress-controller/charts/nginx/templates/admission-webhooks/validating-webhook.yaml
# before changing this value, check the required kubernetes version
# https://kubernetes.io/docs/reference/access-authn-authz/extensible-admission-controllers/#prerequisites
apiVersion: admissionregistration.k8s.io/v1
kind: ValidatingWebhookConfiguration
metadata:
  labels:
    helm.sh/chart: nginx-4.0.9
    app.kubernetes.io/name: nginx
    app.kubernetes.io/instance: RELEASE-NAME
    app.kubernetes.io/version: "1.0.5"
    app.kubernetes.io/managed-by: Helm
    app.kubernetes.io/component: admission-webhook
  name: nginx-ingress-admission
webhooks:
  - name: validate.nginx.ingress.kubernetes.io
    matchPolicy: Equivalent
    rules:
      - apiGroups:
          - networking.k8s.io
        apiVersions:
          - v1
        operations:
          - CREATE
          - UPDATE
        resources:
          - ingresses
    failurePolicy: Fail
    sideEffects: None
    admissionReviewVersions:
      - v1
    clientConfig:
      service:
        namespace: "default"
        name: nginx-ingress-controller-admission
        path: /networking/v1/ingresses
---
# Source: nginx-ingress-controller/charts/nginx/templates/admission-webhooks/job-patch/serviceaccount.yaml
apiVersion: v1
kind: ServiceAccount
metadata:
  name: nginx-ingress-admission
  namespace: default
  annotations:
    "helm.sh/hook": pre-install,pre-upgrade,post-install,post-upgrade
    "helm.sh/hook-delete-policy": before-hook-creation,hook-succeeded
  labels:
    helm.sh/chart: nginx-4.0.9
    app.kubernetes.io/name: nginx
    app.kubernetes.io/instance: RELEASE-NAME
    app.kubernetes.io/version: "1.0.5"
    app.kubernetes.io/managed-by: Helm
    app.kubernetes.io/component: admission-webhook
---
# Source: nginx-ingress-controller/charts/nginx/templates/admission-webhooks/job-patch/clusterrole.yaml
apiVersion: rbac.authorization.k8s.io/v1
kind: ClusterRole
metadata:
  name: nginx-ingress-admission
  annotations:
    "helm.sh/hook": pre-install,pre-upgrade,post-install,post-upgrade
    "helm.sh/hook-delete-policy": before-hook-creation,hook-succeeded
  labels:
    helm.sh/chart: nginx-4.0.9
    app.kubernetes.io/name: nginx
    app.kubernetes.io/instance: RELEASE-NAME
    app.kubernetes.io/version: "1.0.5"
    app.kubernetes.io/managed-by: Helm
    app.kubernetes.io/component: admission-webhook
rules:
  - apiGroups:
      - admissionregistration.k8s.io
    resources:
      - validatingwebhookconfigurations
    verbs:
      - get
      - update
---
# Source: nginx-ingress-controller/charts/nginx/templates/admission-webhooks/job-patch/clusterrolebinding.yaml
apiVersion: rbac.authorization.k8s.io/v1
kind: ClusterRoleBinding
metadata:
  name:  nginx-ingress-admission
  annotations:
    "helm.sh/hook": pre-install,pre-upgrade,post-install,post-upgrade
    "helm.sh/hook-delete-policy": before-hook-creation,hook-succeeded
  labels:
    helm.sh/chart: nginx-4.0.9
    app.kubernetes.io/name: nginx
    app.kubernetes.io/instance: RELEASE-NAME
    app.kubernetes.io/version: "1.0.5"
    app.kubernetes.io/managed-by: Helm
    app.kubernetes.io/component: admission-webhook
roleRef:
  apiGroup: rbac.authorization.k8s.io
  kind: ClusterRole
  name: nginx-ingress-admission
subjects:
  - kind: ServiceAccount
    name: nginx-ingress-admission
    namespace: "default"
---
# Source: nginx-ingress-controller/charts/nginx/templates/admission-webhooks/job-patch/role.yaml
apiVersion: rbac.authorization.k8s.io/v1
kind: Role
metadata:
  name:  nginx-ingress-admission
  namespace: default
  annotations:
    "helm.sh/hook": pre-install,pre-upgrade,post-install,post-upgrade
    "helm.sh/hook-delete-policy": before-hook-creation,hook-succeeded
  labels:
    helm.sh/chart: nginx-4.0.9
    app.kubernetes.io/name: nginx
    app.kubernetes.io/instance: RELEASE-NAME
    app.kubernetes.io/version: "1.0.5"
    app.kubernetes.io/managed-by: Helm
    app.kubernetes.io/component: admission-webhook
rules:
  - apiGroups:
      - ""
    resources:
      - secrets
    verbs:
      - get
      - create
---
# Source: nginx-ingress-controller/charts/nginx/templates/admission-webhooks/job-patch/rolebinding.yaml
apiVersion: rbac.authorization.k8s.io/v1
kind: RoleBinding
metadata:
  name: nginx-ingress-admission
  namespace: default
  annotations:
    "helm.sh/hook": pre-install,pre-upgrade,post-install,post-upgrade
    "helm.sh/hook-delete-policy": before-hook-creation,hook-succeeded
  labels:
    helm.sh/chart: nginx-4.0.9
    app.kubernetes.io/name: nginx
    app.kubernetes.io/instance: RELEASE-NAME
    app.kubernetes.io/version: "1.0.5"
    app.kubernetes.io/managed-by: Helm
    app.kubernetes.io/component: admission-webhook
roleRef:
  apiGroup: rbac.authorization.k8s.io
  kind: Role
  name: nginx-ingress-admission
subjects:
  - kind: ServiceAccount
    name: nginx-ingress-admission
    namespace: "default"
---
# Source: nginx-ingress-controller/charts/nginx/templates/admission-webhooks/job-patch/job-createSecret.yaml
apiVersion: batch/v1
kind: Job
metadata:
  name: nginx-ingress-admission-create
  namespace: default
  annotations:
    "helm.sh/hook": pre-install,pre-upgrade
    "helm.sh/hook-delete-policy": before-hook-creation,hook-succeeded
  labels:
    helm.sh/chart: nginx-4.0.9
    app.kubernetes.io/name: nginx
    app.kubernetes.io/instance: RELEASE-NAME
    app.kubernetes.io/version: "1.0.5"
    app.kubernetes.io/managed-by: Helm
    app.kubernetes.io/component: admission-webhook
spec:
  template:
    metadata:
      name: nginx-ingress-admission-create
      labels:
        helm.sh/chart: nginx-4.0.9
        app.kubernetes.io/name: nginx
        app.kubernetes.io/instance: RELEASE-NAME
        app.kubernetes.io/version: "1.0.5"
        app.kubernetes.io/managed-by: Helm
        app.kubernetes.io/component: admission-webhook
    spec:
      containers:
        - name: create
          image: "k8s.gcr.io/ingress-nginx/kube-webhook-certgen:v1.1.1@sha256:64d8c73dca984af206adf9d6d7e46aa550362b1d7a01f3a0a91b20cc67868660"
          imagePullPolicy: IfNotPresent
          args:
            - create
            - --host=nginx-ingress-controller-admission,nginx-ingress-controller-admission.$(POD_NAMESPACE).svc
            - --namespace=$(POD_NAMESPACE)
            - --secret-name=nginx-ingress-admission
          env:
            - name: POD_NAMESPACE
              valueFrom:
                fieldRef:
                  fieldPath: metadata.namespace
      restartPolicy: OnFailure
      serviceAccountName: nginx-ingress-admission
      nodeSelector: 
        kubernetes.io/os: linux
      securityContext:
        runAsNonRoot: true
        runAsUser: 2000
---
# Source: nginx-ingress-controller/charts/nginx/templates/admission-webhooks/job-patch/job-patchWebhook.yaml
apiVersion: batch/v1
kind: Job
metadata:
  name: nginx-ingress-admission-patch
  namespace: default
  annotations:
    "helm.sh/hook": post-install,post-upgrade
    "helm.sh/hook-delete-policy": before-hook-creation,hook-succeeded
  labels:
    helm.sh/chart: nginx-4.0.9
    app.kubernetes.io/name: nginx
    app.kubernetes.io/instance: RELEASE-NAME
    app.kubernetes.io/version: "1.0.5"
    app.kubernetes.io/managed-by: Helm
    app.kubernetes.io/component: admission-webhook
spec:
  template:
    metadata:
      name: nginx-ingress-admission-patch
      labels:
        helm.sh/chart: nginx-4.0.9
        app.kubernetes.io/name: nginx
        app.kubernetes.io/instance: RELEASE-NAME
        app.kubernetes.io/version: "1.0.5"
        app.kubernetes.io/managed-by: Helm
        app.kubernetes.io/component: admission-webhook
    spec:
      containers:
        - name: patch
          image: "k8s.gcr.io/ingress-nginx/kube-webhook-certgen:v1.1.1@sha256:64d8c73dca984af206adf9d6d7e46aa550362b1d7a01f3a0a91b20cc67868660"
          imagePullPolicy: IfNotPresent
          args:
            - patch
            - --webhook-name=nginx-ingress-admission
            - --namespace=$(POD_NAMESPACE)
            - --patch-mutating=false
            - --secret-name=nginx-ingress-admission
            - --patch-failure-policy=Fail
          env:
            - name: POD_NAMESPACE
              valueFrom:
                fieldRef:
                  fieldPath: metadata.namespace
      restartPolicy: OnFailure
      serviceAccountName: nginx-ingress-admission
      nodeSelector: 
        kubernetes.io/os: linux
      securityContext:
        runAsNonRoot: true
        runAsUser: 2000
