---
# Source: promtail/charts/promtail/templates/serviceaccount.yaml
apiVersion: v1
kind: ServiceAccount
metadata:
  name: promtail
  namespace: default
  labels:
    helm.sh/chart: promtail-3.8.1
    app.kubernetes.io/name: promtail
    app.kubernetes.io/instance: RELEASE-NAME
    app.kubernetes.io/version: "2.3.0"
    app.kubernetes.io/managed-by: Helm
---
# Source: promtail/charts/promtail/templates/secret.yaml
apiVersion: v1
kind: Secret
metadata:
  name: promtail
  namespace: default
  labels:
    helm.sh/chart: promtail-3.8.1
    app.kubernetes.io/name: promtail
    app.kubernetes.io/instance: RELEASE-NAME
    app.kubernetes.io/version: "2.3.0"
    app.kubernetes.io/managed-by: Helm
stringData:
  promtail.yaml: |
    server:
      log_level: info
      http_listen_port: 3101
    
    client:
      url: http://loki:3100/loki/api/v1/push
      # Maximum wait period before sending batch
      batchwait: 1s
      # Maximum batch size to accrue before sending, unit is byte
      batchsize: 102400
      # Maximum time to wait for server to respond to a request
      timeout: 10s
      backoff_config:
        # Initial backoff time between retries
        min_period: 100ms
        # Maximum backoff time between retries
        max_period: 5s
        # Maximum number of retries when sending batches, 0 means infinite retries
        max_retries: 20
      
    
    positions:
      filename: /run/promtail/positions.yaml
    
    scrape_configs:
      - job_name: kubernetes-pods-name
        kubernetes_sd_configs:
        - role: pod
        relabel_configs:
        - source_labels:
          - __meta_kubernetes_pod_label_name
          target_label: __service__
        - source_labels:
          - __meta_kubernetes_pod_node_name
          target_label: __host__
        - action: drop
          regex: ''
          source_labels:
          - __service__
        - action: labelmap
          regex: __meta_kubernetes_pod_label_(.+)
        - action: replace
          replacement: $1
          separator: /
          source_labels:
          - __meta_kubernetes_namespace
          - __service__
          target_label: job
        - action: replace
          source_labels:
          - __meta_kubernetes_namespace
          target_label: namespace
        - action: replace
          source_labels:
          - __meta_kubernetes_pod_name
          target_label: instance
        - action: replace
          source_labels:
          - __meta_kubernetes_pod_container_name
          target_label: container_name
        - replacement: /var/log/pods/*$1/*.log
          separator: /
          source_labels:
          - __meta_kubernetes_pod_uid
          - __meta_kubernetes_pod_container_name
          target_label: __path__
      - job_name: kubernetes-pods-app
        kubernetes_sd_configs:
        - role: pod
        relabel_configs:
        - action: drop
          regex: .+
          source_labels:
          - __meta_kubernetes_pod_label_name
        - source_labels:
          - __meta_kubernetes_pod_label_app
          target_label: __service__
        - source_labels:
          - __meta_kubernetes_pod_node_name
          target_label: __host__
        - action: drop
          regex: ''
          source_labels:
          - __service__
        - action: labelmap
          regex: __meta_kubernetes_pod_label_(.+)
        - action: replace
          replacement: $1
          separator: /
          source_labels:
          - __meta_kubernetes_namespace
          - __service__
          target_label: job
        - action: replace
          source_labels:
          - __meta_kubernetes_namespace
          target_label: namespace
        - action: replace
          source_labels:
          - __meta_kubernetes_pod_name
          target_label: instance
        - action: replace
          source_labels:
          - __meta_kubernetes_pod_container_name
          target_label: container_name
        - replacement: /var/log/pods/*$1/*.log
          separator: /
          source_labels:
          - __meta_kubernetes_pod_uid
          - __meta_kubernetes_pod_container_name
          target_label: __path__
      - job_name: kubernetes-pods-direct-controllers
        kubernetes_sd_configs:
        - role: pod
        relabel_configs:
        - action: drop
          regex: .+
          separator: ''
          source_labels:
          - __meta_kubernetes_pod_label_name
          - __meta_kubernetes_pod_label_app
        - action: drop
          regex: '[0-9a-z-.]+-[0-9a-f]{8,10}'
          source_labels:
          - __meta_kubernetes_pod_controller_name
        - source_labels:
          - __meta_kubernetes_pod_controller_name
          target_label: __service__
        - source_labels:
          - __meta_kubernetes_pod_node_name
          target_label: __host__
        - action: drop
          regex: ''
          source_labels:
          - __service__
        - action: labelmap
          regex: __meta_kubernetes_pod_label_(.+)
        - action: replace
          replacement: $1
          separator: /
          source_labels:
          - __meta_kubernetes_namespace
          - __service__
          target_label: job
        - action: replace
          source_labels:
          - __meta_kubernetes_namespace
          target_label: namespace
        - action: replace
          source_labels:
          - __meta_kubernetes_pod_name
          target_label: instance
        - action: replace
          source_labels:
          - __meta_kubernetes_pod_container_name
          target_label: container_name
        - replacement: /var/log/pods/*$1/*.log
          separator: /
          source_labels:
          - __meta_kubernetes_pod_uid
          - __meta_kubernetes_pod_container_name
          target_label: __path__
      - job_name: kubernetes-pods-indirect-controller
        kubernetes_sd_configs:
        - role: pod
        relabel_configs:
        - action: drop
          regex: .+
          separator: ''
          source_labels:
          - __meta_kubernetes_pod_label_name
          - __meta_kubernetes_pod_label_app
        - action: keep
          regex: '[0-9a-z-.]+-[0-9a-f]{8,10}'
          source_labels:
          - __meta_kubernetes_pod_controller_name
        - action: replace
          regex: '([0-9a-z-.]+)-[0-9a-f]{8,10}'
          source_labels:
          - __meta_kubernetes_pod_controller_name
          target_label: __service__
        - source_labels:
          - __meta_kubernetes_pod_node_name
          target_label: __host__
        - action: drop
          regex: ''
          source_labels:
          - __service__
        - action: labelmap
          regex: __meta_kubernetes_pod_label_(.+)
        - action: replace
          replacement: $1
          separator: /
          source_labels:
          - __meta_kubernetes_namespace
          - __service__
          target_label: job
        - action: replace
          source_labels:
          - __meta_kubernetes_namespace
          target_label: namespace
        - action: replace
          source_labels:
          - __meta_kubernetes_pod_name
          target_label: instance
        - action: replace
          source_labels:
          - __meta_kubernetes_pod_container_name
          target_label: container_name
        - replacement: /var/log/pods/*$1/*.log
          separator: /
          source_labels:
          - __meta_kubernetes_pod_uid
          - __meta_kubernetes_pod_container_name
          target_label: __path__
      - job_name: kubernetes-pods-static
        kubernetes_sd_configs:
        - role: pod
        relabel_configs:
        - action: drop
          regex: ''
          source_labels:
          - __meta_kubernetes_pod_annotation_kubernetes_io_config_mirror
        - action: replace
          source_labels:
          - __meta_kubernetes_pod_label_component
          target_label: __service__
        - source_labels:
          - __meta_kubernetes_pod_node_name
          target_label: __host__
        - action: drop
          regex: ''
          source_labels:
          - __service__
        - action: labelmap
          regex: __meta_kubernetes_pod_label_(.+)
        - action: replace
          replacement: $1
          separator: /
          source_labels:
          - __meta_kubernetes_namespace
          - __service__
          target_label: job
        - action: replace
          source_labels:
          - __meta_kubernetes_namespace
          target_label: namespace
        - action: replace
          source_labels:
          - __meta_kubernetes_pod_name
          target_label: instance
        - action: replace
          source_labels:
          - __meta_kubernetes_pod_container_name
          target_label: container_name
        - replacement: /var/log/pods/*$1/*.log
          separator: /
          source_labels:
          - __meta_kubernetes_pod_annotation_kubernetes_io_config_mirror
          - __meta_kubernetes_pod_container_name
          target_label: __path__
      - job_name: kubelet-journal-logs
        journal:
          path: /var/log/journal
          max_age: 12h
          labels:
            job: systemd-journal
        pipeline_stages:
        - match:
            selector: '{unit!="kubelet.service"}'
            action: drop
        relabel_configs:
        - source_labels: ['__journal__systemd_unit']
          target_label: 'unit'
        - source_labels: ['__journal__hostname']
          target_label: 'hostname'
      - job_name: kubernetes-events
        kubernetes_sd_configs:
        - role: pod
        pipeline_stages:
        - match:
            selector: '{app="eventrouter"}'
            stages:
            - json:
                expressions:
                  namespace: event.metadata.namespace
            - labels:
                namespace: ""
---
# Source: promtail/charts/promtail/templates/clusterrole.yaml
kind: ClusterRole
apiVersion: rbac.authorization.k8s.io/v1
metadata:
  name: promtail
  labels:
    helm.sh/chart: promtail-3.8.1
    app.kubernetes.io/name: promtail
    app.kubernetes.io/instance: RELEASE-NAME
    app.kubernetes.io/version: "2.3.0"
    app.kubernetes.io/managed-by: Helm
rules:
  - apiGroups:
      - ""
    resources:
      - nodes
      - nodes/proxy
      - services
      - endpoints
      - pods
    verbs:
      - get
      - watch
      - list
---
# Source: promtail/charts/promtail/templates/clusterrolebinding.yaml
kind: ClusterRoleBinding
apiVersion: rbac.authorization.k8s.io/v1
metadata:
  name: promtail
  labels:
    helm.sh/chart: promtail-3.8.1
    app.kubernetes.io/name: promtail
    app.kubernetes.io/instance: RELEASE-NAME
    app.kubernetes.io/version: "2.3.0"
    app.kubernetes.io/managed-by: Helm
subjects:
  - kind: ServiceAccount
    name: promtail
    namespace: default
roleRef:
  kind: ClusterRole
  name: promtail
  apiGroup: rbac.authorization.k8s.io
---
# Source: promtail/charts/promtail/templates/daemonset.yaml
apiVersion: apps/v1
kind: DaemonSet
metadata:
  name: promtail
  namespace: default
  labels:
    helm.sh/chart: promtail-3.8.1
    app.kubernetes.io/name: promtail
    app.kubernetes.io/instance: RELEASE-NAME
    app.kubernetes.io/version: "2.3.0"
    app.kubernetes.io/managed-by: Helm
spec:
  selector:
    matchLabels:
      app.kubernetes.io/name: promtail
      app.kubernetes.io/instance: RELEASE-NAME
  updateStrategy:
    {}
  template:
    metadata:
      labels:
        app.kubernetes.io/name: promtail
        app.kubernetes.io/instance: RELEASE-NAME
      annotations:
        checksum/config: 0ba41c4e343869f0f86c21da7d1545167370d3c9e8d46c92e461fa4c9ca223ae
        prometheus.io/port: "3101"
        prometheus.io/scrape: "true"
    spec:
      serviceAccountName: promtail
      initContainers:
        - name: init
          image: "docker.io/busybox:1.33"
          imagePullPolicy: IfNotPresent
          command:
            - sh
            - -c
            - sysctl -w fs.inotify.max_user_instances=256
          securityContext:
            privileged: true
      securityContext:
        runAsGroup: 0
        runAsUser: 0
      containers:
        - name: promtail
          image: "docker.io/grafana/promtail:2.3.0"
          imagePullPolicy: IfNotPresent
          args:
            - "-config.file=/etc/promtail/promtail.yaml"
          volumeMounts:
            - name: config
              mountPath: /etc/promtail
            - name: run
              mountPath: /run/promtail
            - mountPath: /var/lib/docker/containers
              name: containers
              readOnly: true
            - mountPath: /var/log/pods
              name: pods
              readOnly: true
            - mountPath: /var/log/journal
              name: journal
              readOnly: true
          env:
            - name: HOSTNAME
              valueFrom:
                fieldRef:
                  fieldPath: spec.nodeName
          ports:
            - name: http-metrics
              containerPort: 3101
              protocol: TCP
          securityContext:
            allowPrivilegeEscalation: false
            capabilities:
              drop:
              - ALL
            readOnlyRootFilesystem: true
          readinessProbe:
            failureThreshold: 5
            httpGet:
              path: /ready
              port: http-metrics
            initialDelaySeconds: 10
            periodSeconds: 10
            successThreshold: 1
            timeoutSeconds: 1
          resources:
            limits:
              cpu: 200m
              memory: 128Mi
            requests:
              cpu: 50m
              memory: 64Mi
      tolerations:
        - effect: NoSchedule
          key: node-role.kubernetes.io/master
          operator: Exists
      volumes:
        - name: config
          secret:
            secretName: promtail
        - name: run
          hostPath:
            path: /run/promtail
        - hostPath:
            path: /var/lib/docker/containers
          name: containers
        - hostPath:
            path: /var/log/pods
          name: pods
        - hostPath:
            path: /var/log/journal
          name: journal
