data:
  master-config.yaml: |
    aggregatorConfig:
      allowedNames:
      - apiserver-aggregator
      - kube-apiserver-proxy
      - system:kube-apiserver-proxy
      - system:openshift-aggregator
      clientCA: /var/run/configmaps/aggregator-client-ca/ca.crt
      extraHeaderPrefixes:
      - X-Remote-Extra-
      groupHeaders:
      - X-Remote-Group
      usernameHeaders:
      - X-Remote-User
    apiServerArguments:
      minimal-shutdown-duration:
      - 3s
    apiVersion: openshiftcontrolplane.config.openshift.io/v1
    auditConfig:
      # TODO: Doesn't make much sense in a production setup, but useful for debugging
      auditFilePath: /var/log/openshift-apiserver/audit.log
      enabled: true
      logFormat: json
      maximumFileSizeMegabytes: 100
      maximumRetainedFiles: 10
      policyConfiguration:
        apiVersion: audit.k8s.io/v1beta1
        kind: Policy
        omitStages:
        - RequestReceived
        rules:
        - level: None
          resources:
          - group: ''
            resources:
            - events
        - level: None
          resources:
          - group: oauth.openshift.io
            resources:
            - oauthaccesstokens
            - oauthauthorizetokens
        - level: None
          nonResourceURLs:
          - /api*
          - /version
          - /healthz
          userGroups:
          - system:authenticated
          - system:unauthenticated
        - level: Metadata
          omitStages:
          - RequestReceived
    imagePolicyConfig:
      internalRegistryHostname: image-registry.openshift-image-registry.svc:5000
    kind: OpenShiftAPIServerConfig
    projectConfig:
      projectRequestMessage: ""
    routingConfig:
      # TODO: Fix
      subdomain: apps.openshift-test.aws.k8c.io
    storageConfig:
      ca: /etc/etcd/pki/client/ca.crt
      certFile: /etc/etcd/pki/client/apiserver-etcd-client.crt
      keyFile: /etc/etcd/pki/client/apiserver-etcd-client.key
      urls:
      - "https://etcd-0.etcd..svc.cluster.local.:2379"
      - "https://etcd-1.etcd..svc.cluster.local.:2379"
      - "https://etcd-2.etcd..svc.cluster.local.:2379"
    servingInfo:
      certFile: /var/run/secrets/serving-cert/apiserver-tls.crt
      keyFile: /var/run/secrets/serving-cert/apiserver-tls.key
    kubeClientConfig:
      kubeConfig: /etc/origin/master/kubeconfig/kubeconfig
metadata:
  creationTimestamp: null
