---
# Source: blackbox-exporter/charts/blackbox-exporter/templates/serviceaccount.yaml
apiVersion: v1
kind: ServiceAccount
metadata:
  name: blackbox-exporter
  namespace: default
  labels:
    helm.sh/chart: blackbox-exporter-9.2.0
    app.kubernetes.io/name: blackbox-exporter
    app.kubernetes.io/instance: release-name
    app.kubernetes.io/version: "v0.25.0"
    app.kubernetes.io/managed-by: Helm
---
# Source: blackbox-exporter/charts/blackbox-exporter/templates/configmap.yaml
apiVersion: v1
kind: ConfigMap
metadata:
  name: blackbox-exporter
  namespace: default
  labels:
    helm.sh/chart: blackbox-exporter-9.2.0
    app.kubernetes.io/name: blackbox-exporter
    app.kubernetes.io/instance: release-name
    app.kubernetes.io/version: "v0.25.0"
    app.kubernetes.io/managed-by: Helm
data:
  blackbox.yaml: |
    modules:
      http_2xx:
        http:
          follow_redirects: true
          preferred_ip_protocol: ip4
          valid_http_versions:
          - HTTP/1.1
          - HTTP/2.0
        prober: http
        timeout: 5s
      https_2xx:
        http:
          fail_if_not_ssl: true
          method: GET
          preferred_ip_protocol: ip4
          valid_http_versions:
          - HTTP/1.1
          - HTTP/2.0
        prober: http
        timeout: 5s
      https_2xx_skip_tls_verify:
        http:
          method: GET
          preferred_ip_protocol: ip4
          tls_config:
            insecure_skip_verify: true
          valid_http_versions:
          - HTTP/1.1
          - HTTP/2.0
        prober: http
        timeout: 5s
---
# Source: blackbox-exporter/charts/blackbox-exporter/templates/service.yaml
apiVersion: v1
kind: Service
metadata:
  name: blackbox-exporter
  namespace: default
  labels:
    helm.sh/chart: blackbox-exporter-9.2.0
    app.kubernetes.io/name: blackbox-exporter
    app.kubernetes.io/instance: release-name
    app.kubernetes.io/version: "v0.25.0"
    app.kubernetes.io/managed-by: Helm
spec:
  type: ClusterIP
  ports:
    - port: 9115
      targetPort: http
      protocol: TCP
      name: http
    
  selector:
    app.kubernetes.io/name: blackbox-exporter
    app.kubernetes.io/instance: release-name
---
# Source: blackbox-exporter/charts/blackbox-exporter/templates/deployment.yaml
apiVersion: apps/v1
kind: Deployment
metadata:
  name: blackbox-exporter
  namespace: default
  labels:
    helm.sh/chart: blackbox-exporter-9.2.0
    app.kubernetes.io/name: blackbox-exporter
    app.kubernetes.io/instance: release-name
    app.kubernetes.io/version: "v0.25.0"
    app.kubernetes.io/managed-by: Helm
spec:
  replicas: 1
  revisionHistoryLimit: 10
  selector:
    matchLabels:
      app.kubernetes.io/name: blackbox-exporter
      app.kubernetes.io/instance: release-name
  strategy:
    rollingUpdate:
      maxSurge: 1
      maxUnavailable: 0
    type: RollingUpdate
  template:
    metadata:
      labels:
        app.kubernetes.io/name: blackbox-exporter
        app.kubernetes.io/instance: release-name
      annotations:
        checksum/config: aed63c39ba6a0479ad8af916a0afd097e20c80b4d9e35cb665b0f2fa5c17ddb8
        prometheus.io/port: "9115"
        prometheus.io/scrape: "true"
    spec:
      automountServiceAccountToken: false
      serviceAccountName: blackbox-exporter
      affinity:
        podAntiAffinity:
          preferredDuringSchedulingIgnoredDuringExecution:
          - podAffinityTerm:
              labelSelector:
                matchLabels:
                  app.kubernetes.io/name: blackbox-exporter
              topologyKey: kubernetes.io/hostname
            weight: 100
      restartPolicy: Always
      
      containers:
      
      - name: blackbox-exporter
        image: quay.io/prometheus/blackbox-exporter:v0.25.0
        imagePullPolicy: IfNotPresent
        securityContext:
          allowPrivilegeEscalation: false
          capabilities:
            drop:
            - ALL
          readOnlyRootFilesystem: true
          runAsGroup: 1000
          runAsNonRoot: true
          runAsUser: 1000
        args:
        - "--config.file=/config/blackbox.yaml"
        resources:
          limits:
            cpu: 250m
            memory: 32Mi
          requests:
            cpu: 100m
            memory: 24Mi
        ports:
        - containerPort: 9115
          name: http
        livenessProbe:
          failureThreshold: 3
          httpGet:
            path: /-/healthy
            port: http
        readinessProbe:
          httpGet:
            path: /-/healthy
            port: http
        volumeMounts:
        - mountPath: /config
          name: config
      hostNetwork: false
      volumes:
      - name: config
        configMap:
          name: blackbox-exporter
