---
# Source: blackbox-exporter/templates/deployment.yaml
apiVersion: policy/v1

kind: PodDisruptionBudget
metadata:
  name: blackbox-exporter
spec:
  maxUnavailable: 1
  selector:
    matchLabels:
      app: blackbox-exporter
---
# Source: blackbox-exporter/templates/configmap.yaml
# Copyright 2020 The Kubermatic Kubernetes Platform contributors.
#
# Licensed under the Apache License, Version 2.0 (the "License");
# you may not use this file except in compliance with the License.
# You may obtain a copy of the License at
#
#     http://www.apache.org/licenses/LICENSE-2.0
#
# Unless required by applicable law or agreed to in writing, software
# distributed under the License is distributed on an "AS IS" BASIS,
# WITHOUT WARRANTIES OR CONDITIONS OF ANY KIND, either express or implied.
# See the License for the specific language governing permissions and
# limitations under the License.

apiVersion: v1
kind: ConfigMap
metadata:
  name: blackbox-exporter-config
data:
  config.yml: |
    modules:
      https_2xx:
        http:
          fail_if_not_ssl: true
          method: GET
          preferred_ip_protocol: ip4
          valid_http_versions:
          - HTTP/1.1
          - HTTP/2.0
        prober: http
        timeout: 5s
      https_2xx_skip_tls_verify:
        http:
          method: GET
          preferred_ip_protocol: ip4
          tls_config:
            insecure_skip_verify: true
          valid_http_versions:
          - HTTP/1.1
          - HTTP/2.0
        prober: http
        timeout: 5s
---
# Source: blackbox-exporter/templates/service.yaml
# Copyright 2020 The Kubermatic Kubernetes Platform contributors.
#
# Licensed under the Apache License, Version 2.0 (the "License");
# you may not use this file except in compliance with the License.
# You may obtain a copy of the License at
#
#     http://www.apache.org/licenses/LICENSE-2.0
#
# Unless required by applicable law or agreed to in writing, software
# distributed under the License is distributed on an "AS IS" BASIS,
# WITHOUT WARRANTIES OR CONDITIONS OF ANY KIND, either express or implied.
# See the License for the specific language governing permissions and
# limitations under the License.

apiVersion: v1
kind: Service
metadata:
  labels:
    app: blackbox-exporter
  name: blackbox-exporter
spec:
  ports:
  - name: web
    port: 9115
    targetPort: web
  selector:
    app: blackbox-exporter
---
# Source: blackbox-exporter/templates/deployment.yaml
# Copyright 2020 The Kubermatic Kubernetes Platform contributors.
#
# Licensed under the Apache License, Version 2.0 (the "License");
# you may not use this file except in compliance with the License.
# You may obtain a copy of the License at
#
#     http://www.apache.org/licenses/LICENSE-2.0
#
# Unless required by applicable law or agreed to in writing, software
# distributed under the License is distributed on an "AS IS" BASIS,
# WITHOUT WARRANTIES OR CONDITIONS OF ANY KIND, either express or implied.
# See the License for the specific language governing permissions and
# limitations under the License.

apiVersion: apps/v1
kind: Deployment
metadata:
  name: blackbox-exporter
spec:
  replicas: 1
  strategy:
    type: Recreate
  selector:
    matchLabels:
      app: blackbox-exporter
  template:
    metadata:
      labels:
        app: blackbox-exporter
      annotations:
        prometheus.io/scrape: "true"
        prometheus.io/port: "9115"
        kubermatic.io/chart: blackbox-exporter
        checksum/config: 5f50130fbef085174222d6c1a718f7cfcdf7d6016d406c31fb33ad9f13c1160b
    spec:
      containers:
      - name: exporter
        image: 'quay.io/prometheus/blackbox-exporter:v0.25.0'
        imagePullPolicy: IfNotPresent
        ports:
        - containerPort: 9115
          name: web
        livenessProbe:
          httpGet:
            path: /-/healthy
            port: web
        volumeMounts:
        - name: config
          mountPath: /etc/blackbox_exporter
        resources:
          limits:
            cpu: 250m
            memory: 32Mi
          requests:
            cpu: 100m
            memory: 24Mi
      volumes:
      - name: config
        configMap:
          name: blackbox-exporter-config
      nodeSelector:
        {}
      affinity:
        podAntiAffinity:
          preferredDuringSchedulingIgnoredDuringExecution:
          - podAffinityTerm:
              labelSelector:
                matchLabels:
                  app: blackbox-exporter
              topologyKey: kubernetes.io/hostname
            weight: 100
      tolerations:
        []
